@ GetLLMVersion %s "V3.0.0 Dev"
@ Command %s "/afs/cern.ch/work/o/omc/anaconda/bin/python '/afs/cern.ch/eng/sl/lintrack/Beta-Beat.src/GetLLM/GetLLM.py' '--accel=LHCB1' '--model=/user/slops/data/LHC_DATA/OP_DATA/Betabeat/2018-04-03/models/LHCB1/b1_25cm_gui_newdeltas/twiss.dat' '--files=/user/slops/data/LHC_DATA/OP_DATA/Betabeat/2018-04-03/LHCB1/Measurements/Beam1@Turn@2018_04_03@19_19_42_252/Beam1@Turn@2018_04_03@19_19_42_252.sdds,/user/slops/data/LHC_DATA/OP_DATA/Betabeat/2018-04-03/LHCB1/Measurements/Beam1@Turn@2018_04_03@19_22_16_304/Beam1@Turn@2018_04_03@19_22_16_304.sdds,/user/slops/data/LHC_DATA/OP_DATA/Betabeat/2018-04-03/LHCB1/Measurements/Beam1@Turn@2018_04_03@19_18_19_694/Beam1@Turn@2018_04_03@19_18_19_694.sdds,/user/slops/data/LHC_DATA/OP_DATA/Betabeat/2018-04-03/LHCB1/Measurements/Beam1@Turn@2018_04_03@19_20_59_737/Beam1@Turn@2018_04_03@19_20_59_737.sdds,/user/slops/data/LHC_DATA/OP_DATA/Betabeat/2018-04-03/LHCB1/Measurements/Beam1@Turn@2018_04_03@19_23_33_910/Beam1@Turn@2018_04_03@19_23_33_910.sdds' '--output=/user/slops/data/LHC_DATA/OP_DATA/Betabeat/2018-04-03/LHCB1/Results/b1_25cm_newdeltas_onmom' '--tbtana=SUSSIX' '--bpmu=mm' '--lhcphase=1' '--errordefs=/user/slops/data/LHC_DATA/OP_DATA/Betabeat/2018-04-03/models/LHCB1/b1_25cm_gui_newdeltas/error_deff.txt'"
@ CWD %s "/local/home/lhcop"
@ Date %s "03. April 2018, 21:33:59"
# Calculates the kick from the model beta function
@ FILES %s ""
*             DPP                QX             QXRMS                QY             QYRMS             NATQX          NATQXRMS             NATQY          NATQYRMS           sqrt2JX        sqrt2JXSTD           sqrt2JY        sqrt2JYSTD               2JX            2JXSTD               2JY            2JYSTD
$             %le               %le               %le               %le               %le               %le               %le               %le               %le               %le               %le               %le               %le               %le               %le               %le               %le
              0.0    0.297541387003 1.58566935039e-07    0.334978684398 2.39145232216e-07    0.309422401944 0.000685340527439    0.320958866253  0.00224607889284   0.0524147591953  0.00647539319923   0.0520159964995   0.0077929178668   0.0027473069815 0.000678812350465  0.00270566389184 0.000810712776961
              0.0    0.297541405199 8.61476429775e-08      0.3349786887  7.7964920582e-08    0.309316676182 0.000466342555761    0.320528590622  0.00200542308539   0.0526679151152  0.00708192005761   0.0519054164852  0.00760579483044  0.00277390928258 0.000745979928894   0.0026941722605 0.000789563896749
              0.0    0.297541408425 1.29805410082e-07    0.334978686321 1.42876080473e-07    0.309409847708  0.00037942067542    0.321704838619  0.00319556318279   0.0554537591007  0.00630331192585    0.052326858141  0.00794712274103   0.0030751193984 0.000699084682146  0.00273810008291 0.000831695928599
              0.0    0.297541414217 7.67924879148e-08    0.334978668426 1.17481656321e-07    0.309360212795 0.000631526509132    0.321025615972  0.00263383339862    0.052511676431  0.00653528290636    0.051775705987  0.00757509950642  0.00275747616159 0.000686357322727  0.00268072373045 0.000784412249733
              0.0     0.29754139794 9.12543456892e-08    0.334978681666 1.37153020599e-07    0.309355533698 0.000684931152145    0.320925161557   0.0143358457078   0.0526396962556  0.00694441497829   0.0517502562056  0.00777555358397  0.00277093762189 0.000731103790261  0.00267808901735 0.000804773780222