@ GetLLMVersion %s "V3.0.0 Dev"
@ Command %s "/afs/cern.ch/work/o/omc/anaconda/bin/python '/afs/cern.ch/eng/sl/lintrack/Beta-Beat.src/GetLLM/GetLLM.py' '--accel=LHCB1' '--model=/user/slops/data/LHC_DATA/OP_DATA/Betabeat/2018-04-03/models/LHCB1/b1_25cm_gui_newdeltas/twiss.dat' '--files=/user/slops/data/LHC_DATA/OP_DATA/Betabeat/2018-04-03/LHCB1/Measurements/Beam1@Turn@2018_04_03@19_19_42_252/Beam1@Turn@2018_04_03@19_19_42_252.sdds,/user/slops/data/LHC_DATA/OP_DATA/Betabeat/2018-04-03/LHCB1/Measurements/Beam1@Turn@2018_04_03@19_22_16_304/Beam1@Turn@2018_04_03@19_22_16_304.sdds,/user/slops/data/LHC_DATA/OP_DATA/Betabeat/2018-04-03/LHCB1/Measurements/Beam1@Turn@2018_04_03@19_18_19_694/Beam1@Turn@2018_04_03@19_18_19_694.sdds,/user/slops/data/LHC_DATA/OP_DATA/Betabeat/2018-04-03/LHCB1/Measurements/Beam1@Turn@2018_04_03@19_20_59_737/Beam1@Turn@2018_04_03@19_20_59_737.sdds,/user/slops/data/LHC_DATA/OP_DATA/Betabeat/2018-04-03/LHCB1/Measurements/Beam1@Turn@2018_04_03@19_23_33_910/Beam1@Turn@2018_04_03@19_23_33_910.sdds' '--output=/user/slops/data/LHC_DATA/OP_DATA/Betabeat/2018-04-03/LHCB1/Results/b1_25cm_newdeltas_onmom' '--tbtana=SUSSIX' '--bpmu=mm' '--lhcphase=1' '--errordefs=/user/slops/data/LHC_DATA/OP_DATA/Betabeat/2018-04-03/models/LHCB1/b1_25cm_gui_newdeltas/error_deff.txt'"
@ CWD %s "/local/home/lhcop"
@ Date %s "03. April 2018, 21:33:59"
@ RescalingFactor_for_X %le 1.002847581386676
@ RescalingFactor_for_Y %le 1.0019543236116963
@ FILES %s ""
*             DPP                QX             QXRMS                QY             QYRMS             NATQX          NATQXRMS             NATQY          NATQYRMS           sqrt2JX        sqrt2JXSTD           sqrt2JY        sqrt2JYSTD               2JX            2JXSTD               2JY            2JYSTD        sqrt2JXRES     sqrt2JXSTDRES        sqrt2JYRES     sqrt2JYSTDRES            2JXRES         2JXSTDRES            2JYRES         2JYSTDRES
$             %le               %le               %le               %le               %le               %le               %le               %le               %le               %le               %le               %le               %le               %le               %le               %le               %le               %le               %le               %le               %le               %le               %le               %le               %le
              0.0    0.297541387003 1.58566935039e-07    0.334978684398 2.39145232216e-07    0.309422401944 0.000685340527439    0.320958866253  0.00224607889284   0.0452632043618 0.000813242808673   0.0453373894288 0.000838745655516   0.0020487576691 7.36199508895e-05  0.00205547888022 7.60530768317e-05   0.0455474752698 0.000818350296639   0.0456499659181 0.000844528347808  0.00207457250345 7.45475797963e-05  0.00208391938832 7.71053805886e-05
              0.0    0.297541405199 8.61476429775e-08      0.3349786887  7.7964920582e-08    0.309316676182 0.000466342555761    0.320528590622  0.00200542308539    0.045423409247 0.000817816577348    0.045169179368 0.000847484051666  0.00206328610762 7.42960341638e-05  0.00204025476478 7.65603182824e-05   0.0457086863053 0.000822952790399    0.045480596141 0.000853326990417  0.00208928400375 7.52321818808e-05  0.00206848462534 7.76196404547e-05
              0.0    0.297541408425 1.29805410082e-07    0.334978686321 1.42876080473e-07    0.309409847708  0.00037942067542    0.321704838619  0.00319556318279   0.0480689718499 0.000835576453149   0.0454232654506 0.000862779625783  0.00231062605471 8.03306020097e-05  0.00206327304419 7.83805359345e-05   0.0483708640925 0.000840824205276    0.045736434008 0.000868728019147  0.00233974049306 8.13427867182e-05  0.00209182139577 7.94650434373e-05
              0.0    0.297541414217 7.67924879148e-08    0.334978668426 1.17481656321e-07    0.309360212795 0.000631526509132    0.321025615972  0.00263383339862   0.0453508629105 0.000818829636681   0.0451782412983 0.000857338802033  0.00205670076673 7.42692612004e-05  0.00204107348681 7.74661185453e-05    0.045635684349 0.000823972212147   0.0454897205483 0.000863249683896    0.002082615686 7.52050715717e-05  0.00206931467556 7.85379737676e-05
              0.0     0.29754139794 9.12543456892e-08    0.334978681666 1.37153020599e-07    0.309355533698 0.000684931152145    0.320925161557   0.0143358457078   0.0454545742298 0.000814597334948   0.0451171257771 0.000850585035773  0.00206611831842 7.40543500577e-05  0.00203555503839 7.67519040862e-05   0.0457400470166 0.000819713329877    0.045428183669 0.000856449354113  0.00209215190108 7.49874524974e-05  0.00206371987147 7.78138771237e-05