@ GetLLMVersion %s "V2.38b PRO"
@ MAD_FILE %s "./data\run1\input/model/twiss.dat"
@ FILES %s "C:\eclipse_4_2_2_python\workspace\Beta-Beat.src\GetLLM\test\data\run1\input\src_files\ALLBPMs"
* NAME  BETY  BETYSTD  BETYMDL  ALFY  ALFYSTD  ALFYMDL  BETY*  BETY*STD  BETY*MDL  SY*  SY*STD  SY*MDL  rt(2JY)  rt(2JY)STD
"IP1" 11.0001220872 0.0 11.0000000007 1.34590273793e-06 0.0 -1.42315048635e-10 11.0001220872 0.0 11.0000000007 1.48050944348e-05 0.0 -1.56546553509e-09 3.77549298929e-05 0.0 
"IP5" 11.0001816251 0.0 11.0000000028 8.97264511038e-07 0.0 2.26394458736e-10 11.0001816251 0.0 11.0000000028 9.87007258714e-06 0.0 2.49033904673e-09 3.77550377043e-05 0.0 
"IP8" 10.0004620001 0.0 10.0 1.33835001863e-05 0.0 6.5281113848e-14 10.0004619983 0.0 10.0 0.000133841185017 0.0 6.5281113848e-13 3.77553722842e-05 0.0 
"IP2" 10.0001425674 0.0 10.0000000018 3.69207308556e-06 0.0 3.81302545094e-10 10.0001425673 0.0 10.0000000018 3.69212572245e-05 0.0 3.81302545161e-09 3.7755015466e-05 0.0 
