@ MAD_FILE %s "./data\run1\input/model/twiss.dat"
@ FILES %s "C:\eclipse_4_2_2_python\workspace\Beta-Beat.src\GetLLM\test\data\run1\input\src_files\ALLBPMs_liny "
@ TABLE %05s "ORBIT"
@ TYPE %05s "ORBIT"
@ SEQUENCE %05s "LHCB1"
@ Q1 %le 0.2799948
@ Q2 %le 0.309994799069
* NAME   S   COUNT  Y      STDY   YMDL   MUYMDL
$ %s     %le    %le    %le    %le    %le    %le
"BPMSW.1R1.B1" 21.475 1 -1.088609e-08 1.48323969742e-08 0.0 0.1746594663
"BPMS.2R1.B1" 31.529 1 -1.847464e-08 1.48323969742e-08 0.0 0.1942407226
"BPMSY.4R1.B1" 58.3145 1 -1.410727e-08 1.48323969742e-08 0.0 0.2221446304
"BPMWB.4R1.B1" 151.0945 1 -7.144996e-09 1.48323969742e-08 0.0 0.3466589719
"BPMYA.4R1.B1" 172.227 1 -5.288861e-09 1.48323969742e-08 0.0 0.3651393459
"BPM.5R1.B1" 199.635 1 -5.955237e-10 1.48323969742e-08 0.0 0.400336361
"BPMR.6R1.B1" 231.535 1 3.779117e-09 1.48323969742e-08 0.0 0.4376654664
"BPM_A.7R1.B1" 259.259 1 5.475458e-09 1.48323969742e-08 0.0 0.4793309496
"BPM.8R1.B1" 300.698 1 1.394699e-08 1.48323969742e-08 0.0 0.5617554248
"BPM.9R1.B1" 339.765 1 5.490524e-09 1.48323969742e-08 0.0 0.7131120746
"BPM.10R1.B1" 380.23 1 1.796017e-09 1.48323969742e-08 0.0 0.8921802914
"BPM.11R1.B1" 433.0127 1 -4.818908e-09 1.48323969742e-08 0.0 1.000604276
"BPM.12R1.B1" 487.7391 1 -1.931837e-08 1.48323969742e-08 0.0 1.145783845
"BPM.13R1.B1" 541.1906 1 -7.094676e-09 1.48323969742e-08 0.0 1.259526517
"BPM.14R1.B1" 594.6421 1 -1.812248e-09 1.48323969742e-08 0.0 1.391700252
"BPM.15R1.B1" 648.0936 1 5.054732e-09 1.48323969742e-08 0.0 1.502598471
"BPM.16R1.B1" 701.5451 1 1.953145e-08 1.48323969742e-08 0.0 1.634769141
"BPM.17R1.B1" 754.9966 1 7.536198e-09 1.48323969742e-08 0.0 1.745667361
"BPM.18R1.B1" 808.448 1 3.557068e-09 1.48323969742e-08 0.0 1.877838031
"BPM.19R1.B1" 861.8995 1 -4.392743e-09 1.48323969742e-08 0.0 1.988736251
"BPM.20R1.B1" 915.351 1 -1.926397e-08 1.48323969742e-08 0.0 2.120906921
"BPM.21R1.B1" 968.8025 1 -7.923809e-09 1.48323969742e-08 0.0 2.23180514
"BPM.22R1.B1" 1022.254 1 -5.192019e-09 1.48323969742e-08 0.0 2.363975811
"BPM.23R1.B1" 1075.705 1 3.708984e-09 1.48323969742e-08 0.0 2.47487403
"BPM.24R1.B1" 1129.157 1 1.87718e-08 1.48323969742e-08 0.0 2.607044701
"BPM.25R1.B1" 1182.608 1 8.241232e-09 1.48323969742e-08 0.0 2.71794292
"BPM.26R1.B1" 1236.06 1 6.866322e-09 1.48323969742e-08 0.0 2.85011359
"BPM.27R1.B1" 1289.511 1 -2.985131e-09 1.48323969742e-08 0.0 2.96101181
"BPM.28R1.B1" 1342.963 1 -1.821186e-08 1.48323969742e-08 0.0 3.09318248
"BPM.29R1.B1" 1396.414 1 -8.507042e-09 1.48323969742e-08 0.0 3.2040807
"BPM.30R1.B1" 1449.866 1 -8.42063e-09 1.48323969742e-08 0.0 3.33625137
"BPM.31R1.B1" 1503.317 1 2.24682e-09 1.48323969742e-08 0.0 3.447149589
"BPM.32R1.B1" 1556.769 1 1.743651e-08 1.48323969742e-08 0.0 3.57932026
"BPM.33R1.B1" 1610.22 1 8.695898e-09 1.48323969742e-08 0.0 3.690218479
"BPM.34R1.B1" 1663.672 1 9.966836e-09 1.48323969742e-08 0.0 3.82238915
"BPM.33L2.B1" 1717.123 1 -1.487536e-09 1.48323969742e-08 0.0 3.933287369
"BPM.32L2.B1" 1770.575 1 -1.660202e-08 1.48323969742e-08 0.0 4.06545804
"BPM.31L2.B1" 1824.026 1 -8.827885e-09 1.48323969742e-08 0.0 4.176356259
"BPM.30L2.B1" 1877.478 1 -1.137347e-08 1.48323969742e-08 0.0 4.308526929
"BPM.29L2.B1" 1930.929 1 7.260575e-10 1.48323969742e-08 0.0 4.419425149
"BPM.28L2.B1" 1984.381 1 1.558905e-08 1.48323969742e-08 0.0 4.551595819
"BPM.27L2.B1" 2037.832 1 8.889294e-09 1.48323969742e-08 0.0 4.662494038
"BPM.26L2.B1" 2091.284 1 1.276697e-08 1.48323969742e-08 0.0 4.794664709
"BPM.25L2.B1" 2144.735 1 5.523334e-11 1.48323969742e-08 0.0 4.905562928
"BPM.24L2.B1" 2198.187 1 -1.45039e-08 1.48323969742e-08 0.0 5.037733599
"BPM.23L2.B1" 2251.638 1 -8.891515e-09 1.48323969742e-08 0.0 5.148631818
"BPM.22L2.B1" 2305.09 1 -1.400591e-08 1.48323969742e-08 0.0 5.280802489
"BPM.21L2.B1" 2358.541 1 -8.230618e-10 1.48323969742e-08 0.0 5.391700708
"BPM.20L2.B1" 2411.993 1 1.326107e-08 1.48323969742e-08 0.0 5.523871378
"BPM.19L2.B1" 2465.444 1 8.812731e-09 1.48323969742e-08 0.0 5.634769598
"BPM.18L2.B1" 2518.896 1 1.518121e-08 1.48323969742e-08 0.0 5.766940268
"BPM.17L2.B1" 2572.347 1 1.596881e-09 1.48323969742e-08 0.0 5.877838488
"BPM.16L2.B1" 2625.799 1 -1.19588e-08 1.48323969742e-08 0.0 6.010009158
"BPM.15L2.B1" 2679.25 1 -8.680957e-09 1.48323969742e-08 0.0 6.120907377
"BPM.14L2.B1" 2732.701 1 -1.620614e-08 1.48323969742e-08 0.0 6.253078048
"BPM.13L2.B1" 2786.153 1 -2.346575e-09 1.48323969742e-08 0.0 6.363976267
"BPM.12L2.B1" 2839.604 1 1.067691e-08 1.48323969742e-08 0.0 6.499714184
"BPM.11L2.B1" 2893.056 1 8.444066e-09 1.48323969742e-08 0.0 6.616223335
"BPM.10L2.B1" 2944.897 1 1.665427e-08 1.48323969742e-08 0.0 6.74612659
"BPM.9L2.B1" 2983.964 1 7.267412e-09 1.48323969742e-08 0.0 6.802687799
"BPM.8L2.B1" 3024.429 1 4.18328e-09 1.48323969742e-08 0.0 6.873167591
"BPM.7L2.B1" 3063.497 1 -7.175795e-10 1.48323969742e-08 0.0 6.913531428
"BPMR.6L2.B1" 3095.603 1 -5.508921e-09 1.48323969742e-08 0.0 6.938656908
"BPMYB.5L2.B1" 3167.802 1 -7.194494e-09 1.48323969742e-08 0.0 7.124496638
"BPMYB.4L2.B1" 3188.372 1 -1.172903e-08 1.48323969742e-08 0.0 7.209801492
"BPMWI.4L2.B1" 3212.839 1 -8.073826e-09 1.48323969742e-08 0.0 7.269389826
"BPMSX.4L2.B1" 3262.996 1 3.692903e-09 1.48323969742e-08 0.0 7.458667199
"BPMS.2L2.B1" 3300.908 1 1.261398e-08 1.48323969742e-08 0.0 7.514302498
"BPMSW.1L2.B1" 3310.842 1 8.026682e-09 1.48323969742e-08 0.0 7.532083624
"BPMSW.1R2.B1" 3354.032 1 8.975487e-10 1.48323969742e-08 0.0 7.894042254
"BPMS.2R2.B1" 3363.966 1 -8.194458e-10 1.48323969742e-08 0.0 7.917844931
"BPMSX.4R2.B1" 3401.877 1 -7.271426e-09 1.48323969742e-08 0.0 7.973289592
"BPMWB.4R2.B1" 3452.11 1 -9.04941e-09 1.48323969742e-08 0.0 8.080359509
"BPMYB.4R2.B1" 3476.502 1 -1.141841e-08 1.48323969742e-08 0.0 8.169049884
"BPMR.5R2.B1" 3506.036 1 -1.955194e-08 1.48323969742e-08 0.0 8.209344097
"BPM.6R2.B1" 3579.332 1 3.128974e-10 1.48323969742e-08 0.0 8.411768226
"BPM_A.7R2.B1" 3592.207 1 3.42777e-09 1.48323969742e-08 0.0 8.445209254
"BPM.8R2.B1" 3633.644 1 7.107549e-09 1.48323969742e-08 0.0 8.552721585
"BPM.9R2.B1" 3672.709 1 1.69843e-08 1.48323969742e-08 0.0 8.66032563
"BPM.10R2.B1" 3713.172 1 7.740512e-09 1.48323969742e-08 0.0 8.747917768
"BPM.11R2.B1" 3765.01 1 5.202304e-09 1.48323969742e-08 0.0 8.866325606
"BPM.12R2.B1" 3819.734 1 -4.069863e-09 1.48323969742e-08 0.0 8.997310126
"BPM.13R2.B1" 3873.182 1 -1.964232e-08 1.48323969742e-08 0.0 9.165072891
"BPM.14R2.B1" 3926.631 1 -6.506383e-09 1.48323969742e-08 0.0 9.275964595
"BPM.15R2.B1" 3980.079 1 1.562759e-10 1.48323969742e-08 0.0 9.408125324
"BPM.16R2.B1" 4033.528 1 5.754092e-09 1.48323969742e-08 0.0 9.519015998
"BPM.17R2.B1" 4086.976 1 1.969567e-08 1.48323969742e-08 0.0 9.651176727
"BPM.18R2.B1" 4140.425 1 7.015068e-09 1.48323969742e-08 0.0 9.762067401
"BPM.19R2.B1" 4193.873 1 1.553997e-09 1.48323969742e-08 0.0 9.89422813
"BPM.20R2.B1" 4247.322 1 -5.148506e-09 1.48323969742e-08 0.0 10.0051188
"BPM.21R2.B1" 4300.77 1 -1.955357e-08 1.48323969742e-08 0.0 10.13727953
"BPM.22R2.B1" 4354.219 1 -7.458192e-09 1.48323969742e-08 0.0 10.24817021
"BPM.23R2.B1" 4407.668 1 -3.26574e-09 1.48323969742e-08 0.0 10.38033094
"BPM.24R2.B1" 4461.116 1 4.490922e-09 1.48323969742e-08 0.0 10.49122161
"BPM.25R2.B1" 4514.565 1 1.927094e-08 1.48323969742e-08 0.0 10.62338234
"BPM.26R2.B1" 4568.013 1 7.856353e-09 1.48323969742e-08 0.0 10.73427301
"BPM.27R2.B1" 4621.462 1 4.947145e-09 1.48323969742e-08 0.0 10.86643374
"BPM.28R2.B1" 4674.91 1 -3.811337e-09 1.48323969742e-08 0.0 10.97732442
"BPM.29R2.B1" 4728.359 1 -1.884038e-08 1.48323969742e-08 0.0 11.10948514
"BPM.30R2.B1" 4781.807 1 -8.183005e-09 1.48323969742e-08 0.0 11.22037582
"BPM.31R2.B1" 4835.256 1 -6.579318e-09 1.48323969742e-08 0.0 11.35253655
"BPM.32R2.B1" 4888.704 1 3.097422e-09 1.48323969742e-08 0.0 11.46342722
"BPM.33R2.B1" 4942.153 1 1.827124e-08 1.48323969742e-08 0.0 11.59558795
"BPM.34R2.B1" 4995.601 1 8.460056e-09 1.48323969742e-08 0.0 11.70647862
"BPM.33L3.B1" 5049.05 1 8.190774e-09 1.48323969742e-08 0.0 11.83863935
"BPM.32L3.B1" 5102.498 1 -2.358078e-09 1.48323969742e-08 0.0 11.94953003
"BPM.31L3.B1" 5155.947 1 -1.75636e-08 1.48323969742e-08 0.0 12.08169076
"BPM.30L3.B1" 5209.395 1 -8.665593e-09 1.48323969742e-08 0.0 12.19258143
"BPM.29L3.B1" 5262.844 1 -9.722867e-09 1.48323969742e-08 0.0 12.32474216
"BPM.28L3.B1" 5316.292 1 1.595553e-09 1.48323969742e-08 0.0 12.43563283
"BPM.27L3.B1" 5369.741 1 1.669279e-08 1.48323969742e-08 0.0 12.56779356
"BPM.26L3.B1" 5423.189 1 8.803982e-09 1.48323969742e-08 0.0 12.67868424
"BPM.25L3.B1" 5476.638 1 1.118535e-08 1.48323969742e-08 0.0 12.81084497
"BPM.24L3.B1" 5530.086 1 -8.324953e-10 1.48323969742e-08 0.0 12.92173564
"BPM.23L3.B1" 5583.535 1 -1.573294e-08 1.48323969742e-08 0.0 13.05389637
"BPM.22L3.B1" 5636.983 1 -8.871623e-09 1.48323969742e-08 0.0 13.16478704
"BPM.21L3.B1" 5690.432 1 -1.253943e-08 1.48323969742e-08 0.0 13.29694777
"BPM.20L3.B1" 5743.88 1 5.3751e-11 1.48323969742e-08 0.0 13.40783845
"BPM.19L3.B1" 5797.329 1 1.461766e-08 1.48323969742e-08 0.0 13.53999917
"BPM.18L3.B1" 5850.777 1 8.880835e-09 1.48323969742e-08 0.0 13.65088985
"BPM.17L3.B1" 5904.226 1 1.383852e-08 1.48323969742e-08 0.0 13.78305058
"BPM.16L3.B1" 5957.674 1 7.177751e-10 1.48323969742e-08 0.0 13.89394125
"BPM.15L3.B1" 6011.123 1 -1.343346e-08 1.48323969742e-08 0.0 14.02610198
"BPM.14L3.B1" 6064.572 1 -8.813973e-09 1.48323969742e-08 0.0 14.13699265
"BPM.13L3.B1" 6118.02 1 -1.498466e-08 1.48323969742e-08 0.0 14.26915338
"BPM.12L3.B1" 6171.469 1 -1.982275e-09 1.48323969742e-08 0.0 14.37302191
"BPM.11L3.B1" 6224.917 1 1.034512e-08 1.48323969742e-08 0.0 14.49290115
"BPM.10L3.B1" 6277.698 1 9.891176e-09 1.48323969742e-08 0.0 14.57569875
"BPM.9L3.B1" 6316.763 1 1.887424e-08 1.48323969742e-08 0.0 14.6478437
"BPM.8L3.B1" 6357.226 1 3.266316e-09 1.48323969742e-08 0.0 14.80061269
"BPM.7L3.B1" 6396.29 1 -1.19085e-08 1.48323969742e-08 0.0 15.02100611
"BPM.6L3.B1" 6468.929 1 -1.337442e-08 1.48323969742e-08 0.0 15.13892008
"BPMWE.5L3.B1" 6512.058 1 -2.412605e-08 1.48323969742e-08 0.0 15.18655914
"BPMW.5L3.B1" 6539.603 1 -2.475644e-08 1.48323969742e-08 0.0 15.20129729
"BPMWE.4L3.B1" 6614.731 1 -1.094112e-08 1.48323969742e-08 0.0 15.27472254
"BPMW.4L3.B1" 6642.276 1 -8.471785e-09 1.48323969742e-08 0.0 15.32034022
"BPMW.4R3.B1" 6687.241 1 -9.025439e-09 1.48323969742e-08 0.0 15.35548531
"BPMWE.4R3.B1" 6714.786 1 -7.208622e-09 1.48323969742e-08 0.0 15.36677652
"BPMW.5R3.B1" 6789.914 1 2.737102e-09 1.48323969742e-08 0.0 15.44016522
"BPMWE.5R3.B1" 6817.459 1 7.722237e-09 1.48323969742e-08 0.0 15.5013431
"BPMWC.6R3.B1" 6858.45 1 1.78188e-08 1.48323969742e-08 0.0 15.54847296
"BPMR.6R3.B1" 6870.529 1 1.899623e-08 1.48323969742e-08 0.0 15.55614037
"BPM_A.7R3.B1" 6926.353 1 1.261796e-08 1.48323969742e-08 0.0 15.62425004
"BPM.8R3.B1" 6965.417 1 2.079479e-08 1.48323969742e-08 0.0 15.6807989
"BPM.9R3.B1" 7004.482 1 1.185717e-08 1.48323969742e-08 0.0 15.7296942
"BPM.10R3.B1" 7044.945 1 1.263862e-08 1.48323969742e-08 0.0 15.79224886
"BPM.11R3.B1" 7097.726 1 2.427205e-10 1.48323969742e-08 0.0 15.90286196
"BPM.12R3.B1" 7152.449 1 -1.353355e-08 1.48323969742e-08 0.0 16.03117531
"BPM.13R3.B1" 7205.898 1 -8.863628e-09 1.48323969742e-08 0.0 16.1457462
"BPM.14R3.B1" 7259.346 1 -1.429517e-08 1.48323969742e-08 0.0 16.27791088
"BPM.15R3.B1" 7312.795 1 -1.011698e-09 1.48323969742e-08 0.0 16.38880155
"BPM.16R3.B1" 7366.243 1 1.294206e-08 1.48323969742e-08 0.0 16.52096228
"BPM.17R3.B1" 7419.692 1 8.778537e-09 1.48323969742e-08 0.0 16.63185295
"BPM.18R3.B1" 7473.14 1 1.542982e-08 1.48323969742e-08 0.0 16.76401368
"BPM.19R3.B1" 7526.589 1 1.784104e-09 1.48323969742e-08 0.0 16.87490436
"BPM.20R3.B1" 7580.037 1 -1.15988e-08 1.48323969742e-08 0.0 17.00706508
"BPM.21R3.B1" 7633.486 1 -8.629523e-09 1.48323969742e-08 0.0 17.11795576
"BPM.22R3.B1" 7686.934 1 -1.644184e-08 1.48323969742e-08 0.0 17.25011649
"BPM.23R3.B1" 7740.383 1 -2.53173e-09 1.48323969742e-08 0.0 17.36100716
"BPM.24R3.B1" 7793.831 1 1.016363e-08 1.48323969742e-08 0.0 17.49316789
"BPM.25R3.B1" 7847.28 1 8.402032e-09 1.48323969742e-08 0.0 17.60405856
"BPM.26R3.B1" 7900.728 1 1.732586e-08 1.48323969742e-08 0.0 17.73621929
"BPM.27R3.B1" 7954.177 1 3.270765e-09 1.48323969742e-08 0.0 17.84710997
"BPM.28R3.B1" 8007.625 1 -8.646876e-09 1.48323969742e-08 0.0 17.9792707
"BPM.29R3.B1" 8061.074 1 -8.122743e-09 1.48323969742e-08 0.0 18.09016137
"BPM.30R3.B1" 8114.522 1 -1.809736e-08 1.48323969742e-08 0.0 18.2223221
"BPM.31R3.B1" 8167.971 1 -3.981036e-09 1.48323969742e-08 0.0 18.33321277
"BPM.32R3.B1" 8221.419 1 7.064641e-09 1.48323969742e-08 0.0 18.4653735
"BPM.33R3.B1" 8274.868 1 7.768478e-09 1.48323969742e-08 0.0 18.57626418
"BPM.34R3.B1" 8328.316 1 1.869385e-08 1.48323969742e-08 0.0 18.7084249
"BPM.33L4.B1" 8381.765 1 4.657886e-09 1.48323969742e-08 0.0 18.81931558
"BPM.32L4.B1" 8435.213 1 -5.422291e-09 1.48323969742e-08 0.0 18.95147631
"BPM.31L4.B1" 8488.662 1 -7.362165e-09 1.48323969742e-08 0.0 19.06236698
"BPM.30L4.B1" 8542.11 1 -1.917214e-08 1.48323969742e-08 0.0 19.19452771
"BPM.29L4.B1" 8595.559 1 -5.295e-09 1.48323969742e-08 0.0 19.30541838
"BPM.28L4.B1" 8649.008 1 3.77361e-09 1.48323969742e-08 0.0 19.43757911
"BPM.27L4.B1" 8702.456 1 6.900961e-09 1.48323969742e-08 0.0 19.54846979
"BPM.26L4.B1" 8755.905 1 1.949285e-08 1.48323969742e-08 0.0 19.68063052
"BPM.25L4.B1" 8809.353 1 5.902625e-09 1.48323969742e-08 0.0 19.79152119
"BPM.24L4.B1" 8862.802 1 -2.051977e-09 1.48323969742e-08 0.0 19.92368192
"BPM.23L4.B1" 8916.25 1 -6.390169e-09 1.48323969742e-08 0.0 20.03457259
"BPM.22L4.B1" 8969.699 1 -1.969409e-08 1.48323969742e-08 0.0 20.16673332
"BPM.21L4.B1" 9023.147 1 -6.456307e-09 1.48323969742e-08 0.0 20.277624
"BPM.20L4.B1" 9076.596 1 3.567796e-10 1.48323969742e-08 0.0 20.40978473
"BPM.19L4.B1" 9130.044 1 5.822671e-09 1.48323969742e-08 0.0 20.5206754
"BPM.18L4.B1" 9183.493 1 1.969957e-08 1.48323969742e-08 0.0 20.65283613
"BPM.17L4.B1" 9236.941 1 6.968252e-09 1.48323969742e-08 0.0 20.7637268
"BPM.16L4.B1" 9290.39 1 1.390168e-09 1.48323969742e-08 0.0 20.89588753
"BPM.15L4.B1" 9343.838 1 -5.217717e-09 1.48323969742e-08 0.0 21.00677821
"BPM.14L4.B1" 9397.287 1 -1.96068e-08 1.48323969742e-08 0.0 21.13893893
"BPM.13L4.B1" 9450.735 1 -7.420258e-09 1.48323969742e-08 0.0 21.24982961
"BPM.12L4.B1" 9504.184 1 -2.970444e-09 1.48323969742e-08 0.0 21.38270534
"BPM.11L4.B1" 9557.632 1 4.828968e-09 1.48323969742e-08 0.0 21.51180575
"BPMC.10L4.B1" 9609.471 1 1.986327e-08 1.48323969742e-08 0.0 21.65904171
"BPMC.9L4.B1" 9648.536 1 5.910669e-09 1.48323969742e-08 0.0 21.75306696
"BPMC.8L4.B1" 9688.999 1 -4.321019e-09 1.48323969742e-08 0.0 21.95278515
"BPMC.7L4.B1" 9728.063 1 -7.8078e-09 1.48323969742e-08 0.0 22.03180774
"BPMYB.6L4.B1" 9824.667 1 -3.404809e-08 1.48323969742e-08 0.0 22.13618232
"BPMYA.5L4.B1" 9861.667 1 -2.051557e-08 1.48323969742e-08 0.0 22.1541305
"BPMWA.B5L4.B1" 9964.134 1 -9.143143e-09 1.48323969742e-08 0.0 22.30058232
"BPMWA.A5L4.B1" 9973.019 1 -8.230554e-09 1.48323969742e-08 0.0 22.31495046
"BPMWA.A5R4.B1" 10021.07 1 -3.295394e-09 1.48323969742e-08 0.0 22.37846742
"BPMWA.B5R4.B1" 10029.95 1 -2.382806e-09 1.48323969742e-08 0.0 22.38735184
"BPMYB.5R4.B1" 10132.34 1 7.778583e-09 1.48323969742e-08 0.0 22.44760531
"BPMYA.6R4.B1" 10163.91 1 6.885472e-09 1.48323969742e-08 0.0 22.46750646
"BPMCA.7R4.B1" 10260.42 1 1.589954e-08 1.48323969742e-08 0.0 22.59418153
"BPMC.8R4.B1" 10298.21 1 1.033058e-08 1.48323969742e-08 0.0 22.67007565
"BPMC.9R4.B1" 10337.28 1 1.457919e-08 1.48323969742e-08 0.0 22.75597012
"BPMC.10R4.B1" 10377.74 1 4.173187e-09 1.48323969742e-08 0.0 22.8352698
"BPM.11R4.B1" 10429.58 1 -5.714808e-09 1.48323969742e-08 0.0 22.95341094
"BPM.12R4.B1" 10484.3 1 -7.724742e-09 1.48323969742e-08 0.0 23.0606887
"BPM.13R4.B1" 10537.75 1 -1.948091e-08 1.48323969742e-08 0.0 23.18373876
"BPM.14R4.B1" 10591.2 1 -5.768883e-09 1.48323969742e-08 0.0 23.2946291
"BPM.15R4.B1" 10644.65 1 2.486074e-09 1.48323969742e-08 0.0 23.42678983
"BPM.16R4.B1" 10698.1 1 6.519649e-09 1.48323969742e-08 0.0 23.5376805
"BPM.17R4.B1" 10751.54 1 1.964434e-08 1.48323969742e-08 0.0 23.66984123
"BPM.18R4.B1" 10804.99 1 6.333193e-09 1.48323969742e-08 0.0 23.78073191
"BPM.19R4.B1" 10858.44 1 -7.268578e-10 1.48323969742e-08 0.0 23.91289264
"BPM.20R4.B1" 10911.89 1 -5.961159e-09 1.48323969742e-08 0.0 24.02378331
"BPM.21R4.B1" 10965.34 1 -1.975056e-08 1.48323969742e-08 0.0 24.15594404
"BPM.22R4.B1" 11018.79 1 -6.858667e-09 1.48323969742e-08 0.0 24.26683471
"BPM.23R4.B1" 11072.24 1 -9.54327e-10 1.48323969742e-08 0.0 24.39899544
"BPM.24R4.B1" 11125.68 1 5.368625e-09 1.48323969742e-08 0.0 24.50988612
"BPM.25R4.B1" 11179.13 1 1.962679e-08 1.48323969742e-08 0.0 24.64204684
"BPM.26R4.B1" 11232.58 1 7.321865e-09 1.48323969742e-08 0.0 24.75293752
"BPM.27R4.B1" 11286.03 1 2.707904e-09 1.48323969742e-08 0.0 24.88509825
"BPM.28R4.B1" 11339.48 1 -4.723226e-09 1.48323969742e-08 0.0 24.99598892
"BPM.29R4.B1" 11392.93 1 -1.94288e-08 1.48323969742e-08 0.0 25.12814965
"BPM.30R4.B1" 11446.38 1 -7.739905e-09 1.48323969742e-08 0.0 25.23904032
"BPM.31R4.B1" 11499.82 1 -4.371482e-09 1.48323969742e-08 0.0 25.37120105
"BPM.32R4.B1" 11553.27 1 4.050262e-09 1.48323969742e-08 0.0 25.48209173
"BPM.33R4.B1" 11606.72 1 1.900493e-08 1.48323969742e-08 0.0 25.61425246
"BPM.34R4.B1" 11660.17 1 8.086889e-09 1.48323969742e-08 0.0 25.72514313
"BPM.33L5.B1" 11713.62 1 6.059343e-09 1.48323969742e-08 0.0 25.85730386
"BPM.32L5.B1" 11767.07 1 -3.342009e-09 1.48323969742e-08 0.0 25.96819453
"BPM.31L5.B1" 11820.52 1 -1.85096e-08 1.48323969742e-08 0.0 26.10035526
"BPM.30L5.B1" 11873.96 1 -8.380829e-09 1.48323969742e-08 0.0 26.21124594
"BPM.29L5.B1" 11927.41 1 -7.635079e-09 1.48323969742e-08 0.0 26.34340666
"BPM.28L5.B1" 11980.86 1 2.617872e-09 1.48323969742e-08 0.0 26.45429734
"BPM.27L5.B1" 12034.31 1 1.782014e-08 1.48323969742e-08 0.0 26.58645807
"BPM.26L5.B1" 12087.76 1 8.607789e-09 1.48323969742e-08 0.0 26.69734874
"BPM.25L5.B1" 12141.21 1 9.227722e-09 1.48323969742e-08 0.0 26.82950947
"BPM.24L5.B1" 12194.65 1 -1.858995e-09 1.48323969742e-08 0.0 26.94040015
"BPM.23L5.B1" 12248.1 1 -1.704154e-08 1.48323969742e-08 0.0 27.07256087
"BPM.22L5.B1" 12301.55 1 -8.776798e-09 1.48323969742e-08 0.0 27.18345155
"BPM.21L5.B1" 12355.0 1 -1.069014e-08 1.48323969742e-08 0.0 27.31561228
"BPM.20L5.B1" 12408.45 1 1.099532e-09 1.48323969742e-08 0.0 27.42650295
"BPM.19L5.B1" 12461.9 1 1.608465e-08 1.48323969742e-08 0.0 27.55866368
"BPM.18L5.B1" 12515.35 1 8.865905e-09 1.48323969742e-08 0.0 27.66955435
"BPM.17L5.B1" 12568.79 1 1.211591e-08 1.48323969742e-08 0.0 27.80171508
"BPM.16L5.B1" 12622.24 1 -3.188864e-10 1.48323969742e-08 0.0 27.91260576
"BPM.15L5.B1" 12675.69 1 -1.50471e-08 1.48323969742e-08 0.0 28.04476649
"BPM.14L5.B1" 12729.14 1 -8.900741e-09 1.48323969742e-08 0.0 28.15565716
"BPM.13L5.B1" 12782.59 1 -1.34118e-08 1.48323969742e-08 0.0 28.28781789
"BPM.12L5.B1" 12836.04 1 -6.011411e-10 1.48323969742e-08 0.0 28.39623242
"BPM.11L5.B1" 12889.49 1 1.335357e-08 1.48323969742e-08 0.0 28.52632178
"BPM.10L5.B1" 12942.27 1 7.506143e-09 1.48323969742e-08 0.0 28.66218943
"BPM.9L5.B1" 12981.33 1 1.165461e-08 1.48323969742e-08 0.0 28.79265172
"BPM.8L5.B1" 13021.79 1 8.974208e-11 1.48323969742e-08 0.0 28.90482221
"BPMR.7L5.B1" 13060.86 1 -1.391448e-08 1.48323969742e-08 0.0 29.08729553
"BPM.6L5.B1" 13097.75 1 -1.335554e-08 1.48323969742e-08 0.0 29.14656661
"BPMR.5L5.B1" 13129.65 1 -2.045724e-08 1.48323969742e-08 0.0 29.19084248
"BPMYA.4L5.B1" 13157.06 1 -1.335848e-08 1.48323969742e-08 0.0 29.22106223
"BPMWB.4L5.B1" 13178.19 1 -1.057002e-08 1.48323969742e-08 0.0 29.26218464
"BPMSY.4L5.B1" 13270.97 1 -9.077668e-10 1.48323969742e-08 0.0 29.39986136
"BPMS.2L5.B1" 13297.76 1 2.641332e-09 1.48323969742e-08 0.0 29.44346376
"BPMSW.1L5.B1" 13307.81 1 4.152933e-09 1.48323969742e-08 0.0 29.46885441
"BPMSW.1R5.B1" 13350.76 1 5.787074e-09 1.48323969742e-08 0.0 29.81817334
"BPMS.2R5.B1" 13360.82 1 7.984648e-09 1.48323969742e-08 0.0 29.8377546
"BPMSY.4R5.B1" 13387.6 1 3.936466e-09 1.48323969742e-08 0.0 29.86565851
"BPMWT.A4R5.B1" 13478.01 1 -9.330245e-09 1.48323969742e-08 0.0 29.98786776
"BPMWT.B4R5.B1" 13479.99 1 -9.621099e-09 1.48323969742e-08 0.0 29.98979456
"BPMWB.4R5.B1" 13480.38 1 -9.678846e-09 1.48323969742e-08 0.0 29.99017285
"BPMYA.4R5.B1" 13501.52 1 -1.220546e-08 1.48323969742e-08 0.0 30.00865322
"BPM.5R5.B1" 13522.63 1 -1.07599e-08 1.48323969742e-08 0.0 30.03340662
"BPMWT.A6R5.B1" 13543.69 1 -1.469909e-08 1.48323969742e-08 0.0 30.06422773
"BPMWT.B6R5.B1" 13549.51 1 -1.605121e-08 1.48323969742e-08 0.0 30.07058363
"BPMR.6R5.B1" 13554.53 1 -1.721708e-08 1.48323969742e-08 0.0 30.07546763
"BPM_A.7R5.B1" 13588.55 1 -1.212571e-08 1.48323969742e-08 0.0 30.12284483
"BPM.8R5.B1" 13629.99 1 -1.606347e-08 1.48323969742e-08 0.0 30.2052693
"BPM.9R5.B1" 13669.05 1 -1.815573e-09 1.48323969742e-08 0.0 30.35662595
"BPM.10R5.B1" 13709.52 1 1.424344e-08 1.48323969742e-08 0.0 30.53569417
"BPM.11R5.B1" 13762.3 1 8.621653e-09 1.48323969742e-08 0.0 30.64411815
"BPM.12R5.B1" 13817.03 1 1.30269e-08 1.48323969742e-08 0.0 30.78929772
"BPM.13R5.B1" 13870.48 1 2.131799e-10 1.48323969742e-08 0.0 30.90304039
"BPM.14R5.B1" 13923.93 1 -1.426068e-08 1.48323969742e-08 0.0 31.03521413
"BPM.15R5.B1" 13977.38 1 -8.880957e-09 1.48323969742e-08 0.0 31.14611235
"BPM.16R5.B1" 14030.83 1 -1.424909e-08 1.48323969742e-08 0.0 31.27828302
"BPM.17R5.B1" 14084.29 1 -9.800445e-10 1.48323969742e-08 0.0 31.38918124
"BPM.18R5.B1" 14137.74 1 1.299865e-08 1.48323969742e-08 0.0 31.52135191
"BPM.19R5.B1" 14191.19 1 8.788537e-09 1.48323969742e-08 0.0 31.63225013
"BPM.20R5.B1" 14244.64 1 1.539966e-08 1.48323969742e-08 0.0 31.7644208
"BPM.21R5.B1" 14298.09 1 1.751822e-09 1.48323969742e-08 0.0 31.87531902
"BPM.22R5.B1" 14351.54 1 -1.167526e-08 1.48323969742e-08 0.0 32.00748969
"BPM.23R5.B1" 14404.99 1 -8.643193e-09 1.48323969742e-08 0.0 32.11838791
"BPM.24R5.B1" 14458.45 1 -1.640183e-08 1.48323969742e-08 0.0 32.25055858
"BPM.25R5.B1" 14511.9 1 -2.498178e-09 1.48323969742e-08 0.0 32.3614568
"BPM.26R5.B1" 14565.35 1 1.023321e-08 1.48323969742e-08 0.0 32.49362747
"BPM.27R5.B1" 14618.8 1 8.418582e-09 1.48323969742e-08 0.0 32.60452569
"BPM.28R5.B1" 14672.25 1 1.730381e-08 1.48323969742e-08 0.0 32.73669636
"BPM.29R5.B1" 14725.7 1 3.237506e-09 1.48323969742e-08 0.0 32.84759458
"BPM.30R5.B1" 14779.16 1 -8.727589e-09 1.48323969742e-08 0.0 32.97976525
"BPM.31R5.B1" 14832.61 1 -8.137654e-09 1.48323969742e-08 0.0 33.09066347
"BPM.32R5.B1" 14886.06 1 -1.804705e-08 1.48323969742e-08 0.0 33.22283414
"BPM.33R5.B1" 14939.51 1 -3.939251e-09 1.48323969742e-08 0.0 33.33373235
"BPM.34R5.B1" 14992.96 1 7.159128e-09 1.48323969742e-08 0.0 33.46590303
"BPM.33L6.B1" 15046.41 1 7.794036e-09 1.48323969742e-08 0.0 33.57680124
"BPM.32L6.B1" 15099.86 1 1.867446e-08 1.48323969742e-08 0.0 33.70897192
"BPM.31L6.B1" 15153.32 1 4.618294e-09 1.48323969742e-08 0.0 33.81987013
"BPM.30L6.B1" 15206.77 1 -5.545698e-09 1.48323969742e-08 0.0 33.95204081
"BPM.29L6.B1" 15260.22 1 -7.399443e-09 1.48323969742e-08 0.0 34.06293902
"BPM.28L6.B1" 15313.67 1 -1.916794e-08 1.48323969742e-08 0.0 34.19510969
"BPM.27L6.B1" 15367.12 1 -5.263356e-09 1.48323969742e-08 0.0 34.30600791
"BPM.26L6.B1" 15420.57 1 3.868192e-09 1.48323969742e-08 0.0 34.43817858
"BPM.25L6.B1" 15474.02 1 6.933976e-09 1.48323969742e-08 0.0 34.5490768
"BPM.24L6.B1" 15527.48 1 1.949965e-08 1.48323969742e-08 0.0 34.68124747
"BPM.23L6.B1" 15580.93 1 5.872651e-09 1.48323969742e-08 0.0 34.79214569
"BPM.22L6.B1" 15634.38 1 -2.163868e-09 1.48323969742e-08 0.0 34.92431636
"BPM.21L6.B1" 15687.83 1 -6.428534e-09 1.48323969742e-08 0.0 35.03521458
"BPM.20L6.B1" 15741.28 1 -1.969713e-08 1.48323969742e-08 0.0 35.16738525
"BPM.19L6.B1" 15794.73 1 -6.427085e-09 1.48323969742e-08 0.0 35.27828347
"BPM.18L6.B1" 15848.18 1 4.594093e-10 1.48323969742e-08 0.0 35.41045414
"BPM.17L6.B1" 15901.64 1 5.86345e-09 1.48323969742e-08 0.0 35.52135236
"BPM.16L6.B1" 15955.09 1 1.972421e-08 1.48323969742e-08 0.0 35.65352303
"BPM.15L6.B1" 16008.54 1 6.942667e-09 1.48323969742e-08 0.0 35.76442125
"BPM.14L6.B1" 16061.99 1 1.272617e-09 1.48323969742e-08 0.0 35.89659192
"BPM.13L6.B1" 16115.44 1 -5.263894e-09 1.48323969742e-08 0.0 36.00749014
"BPM.12L6.B1" 16168.89 1 -1.961535e-08 1.48323969742e-08 0.0 36.13979984
"BPM.11L6.B1" 16222.35 1 -7.077334e-09 1.48323969742e-08 0.0 36.2544799
"BPM.10L6.B1" 16274.19 1 -2.420274e-09 1.48323969742e-08 0.0 36.38701748
"BPM.9L6.B1" 16313.25 1 2.893612e-09 1.48323969742e-08 0.0 36.45004049
"BPM.8L6.B1" 16353.72 1 1.371858e-08 1.48323969742e-08 0.0 36.53530038
"BPMYA.5L6.B1" 16450.81 1 1.950099e-08 1.48323969742e-08 0.0 36.62931976
"BPMYB.4L6.B1" 16487.21 1 3.598414e-08 1.48323969742e-08 0.0 36.64875208
"BPMSA.B4L6.B1" 16519.2 1 3.38388e-08 1.48323969742e-08 0.0 36.65783147
"BPMSA.A4L6.B1" 16519.78 1 3.376949e-08 1.48323969742e-08 0.0 36.65801584
"BPMSE.4L6.B1" 16616.46 1 2.231435e-08 1.48323969742e-08 0.0 36.70288262
"BPMSA.4R6.B1" 16708.03 1 1.14641e-08 1.48323969742e-08 0.0 36.78989942
"BPMSB.A4R6.B1" 16804.84 1 -7.03571e-12 1.48323969742e-08 0.0 36.90677007
"BPMSB.B4R6.B1" 16805.47 1 -8.227443e-11 1.48323969742e-08 0.0 36.90739545
"BPMYA.4R6.B1" 16830.81 1 -3.084191e-09 1.48323969742e-08 0.0 36.93012071
"BPMYB.5R6.B1" 16867.21 1 -9.319097e-09 1.48323969742e-08 0.0 36.94803032
"BPM.8R6.B1" 16962.93 1 -6.121725e-09 1.48323969742e-08 0.0 37.12714511
"BPM.9R6.B1" 17002.0 1 -9.951504e-09 1.48323969742e-08 0.0 37.30605917
"BPM.10R6.B1" 17042.47 1 -4.234632e-10 1.48323969742e-08 0.0 37.39887888
"BPM.11R6.B1" 17094.31 1 1.437674e-08 1.48323969742e-08 0.0 37.53738516
"BPM.12R6.B1" 17149.03 1 9.026227e-09 1.48323969742e-08 0.0 37.65047732
"BPM.13R6.B1" 17202.49 1 1.412101e-08 1.48323969742e-08 0.0 37.77998829
"BPM.14R6.B1" 17255.94 1 8.810457e-10 1.48323969742e-08 0.0 37.89088641
"BPM.15R6.B1" 17309.39 1 -1.319193e-08 1.48323969742e-08 0.0 38.02305708
"BPM.16R6.B1" 17362.84 1 -8.808787e-09 1.48323969742e-08 0.0 38.1339553
"BPM.17R6.B1" 17416.29 1 -1.524599e-08 1.48323969742e-08 0.0 38.26612597
"BPM.18R6.B1" 17469.74 1 -1.651952e-09 1.48323969742e-08 0.0 38.37702419
"BPM.19R6.B1" 17523.19 1 1.184168e-08 1.48323969742e-08 0.0 38.50919486
"BPM.20R6.B1" 17576.65 1 8.669342e-09 1.48323969742e-08 0.0 38.62009308
"BPM.21R6.B1" 17630.1 1 1.630255e-08 1.48323969742e-08 0.0 38.75226375
"BPM.22R6.B1" 17683.55 1 2.403461e-09 1.48323969742e-08 0.0 38.86316197
"BPM.23R6.B1" 17737.0 1 -1.044819e-08 1.48323969742e-08 0.0 38.99533264
"BPM.24R6.B1" 17790.45 1 -8.456121e-09 1.48323969742e-08 0.0 39.10623086
"BPM.25R6.B1" 17843.9 1 -1.718359e-08 1.48323969742e-08 0.0 39.23840153
"BPM.26R6.B1" 17897.35 1 -3.142772e-09 1.48323969742e-08 0.0 39.34929975
"BPM.27R6.B1" 17950.81 1 8.922389e-09 1.48323969742e-08 0.0 39.48147042
"BPM.28R6.B1" 18004.26 1 8.185823e-09 1.48323969742e-08 0.0 39.59236864
"BPM.29R6.B1" 18057.71 1 1.799238e-08 1.48323969742e-08 0.0 39.72453931
"BPM.30R6.B1" 18111.16 1 3.852976e-09 1.48323969742e-08 0.0 39.83543753
"BPM.31R6.B1" 18164.61 1 -7.395306e-09 1.48323969742e-08 0.0 39.9676082
"BPM.32R6.B1" 18218.06 1 -7.852302e-09 1.48323969742e-08 0.0 40.07850642
"BPM.33R6.B1" 18271.52 1 -1.86095e-08 1.48323969742e-08 0.0 40.21067709
"BPM.34R6.B1" 18324.97 1 -4.539474e-09 1.48323969742e-08 0.0 40.32157531
"BPM.33L7.B1" 18378.42 1 5.732995e-09 1.48323969742e-08 0.0 40.45374598
"BPM.32L7.B1" 18431.87 1 7.454831e-09 1.48323969742e-08 0.0 40.5646442
"BPM.31L7.B1" 18485.32 1 1.914483e-08 1.48323969742e-08 0.0 40.69681487
"BPM.30L7.B1" 18538.77 1 5.190499e-09 1.48323969742e-08 0.0 40.80771309
"BPM.29L7.B1" 18592.22 1 -4.097488e-09 1.48323969742e-08 0.0 40.93988376
"BPM.28L7.B1" 18645.68 1 -7.000798e-09 1.48323969742e-08 0.0 41.05078198
"BPM.27L7.B1" 18699.13 1 -1.94563e-08 1.48323969742e-08 0.0 41.18295265
"BPM.26L7.B1" 18752.58 1 -5.797471e-09 1.48323969742e-08 0.0 41.29385087
"BPM.25L7.B1" 18806.03 1 2.368786e-09 1.48323969742e-08 0.0 41.42602154
"BPM.24L7.B1" 18859.48 1 6.497374e-09 1.48323969742e-08 0.0 41.53691976
"BPM.23L7.B1" 18912.93 1 1.970433e-08 1.48323969742e-08 0.0 41.66909043
"BPM.22L7.B1" 18966.38 1 6.362296e-09 1.48323969742e-08 0.0 41.77998865
"BPM.21L7.B1" 19019.84 1 -6.966503e-10 1.48323969742e-08 0.0 41.91215932
"BPM.20L7.B1" 19073.29 1 -5.943278e-09 1.48323969742e-08 0.0 42.02305754
"BPM.19L7.B1" 19126.74 1 -1.97212e-08 1.48323969742e-08 0.0 42.15522821
"BPM.18L7.B1" 19180.19 1 -6.880065e-09 1.48323969742e-08 0.0 42.26612643
"BPM.17L7.B1" 19233.64 1 -1.065618e-09 1.48323969742e-08 0.0 42.3982971
"BPM.16L7.B1" 19287.09 1 5.343758e-09 1.48323969742e-08 0.0 42.50919532
"BPM.15L7.B1" 19340.54 1 1.967356e-08 1.48323969742e-08 0.0 42.64136599
"BPM.14L7.B1" 19394.0 1 7.345376e-09 1.48323969742e-08 0.0 42.75226421
"BPM.13L7.B1" 19447.45 1 2.731503e-09 1.48323969742e-08 0.0 42.88443488
"BPM.12L7.B1" 19500.9 1 -4.597404e-09 1.48323969742e-08 0.0 42.98674844
"BPM.11L7.B1" 19554.35 1 -1.897404e-08 1.48323969742e-08 0.0 43.10573765
"BPM.10L7.B1" 19607.13 1 -9.741406e-09 1.48323969742e-08 0.0 43.20011234
"BPM.9L7.B1" 19646.2 1 -1.288187e-08 1.48323969742e-08 0.0 43.28534154
"BPM.8L7.B1" 19686.67 1 -3.9872e-09 1.48323969742e-08 0.0 43.3507741
"BPM.7L7.B1" 19725.73 1 2.273715e-09 1.48323969742e-08 0.0 43.42779895
"BPM.6L7.B1" 19760.55 1 5.49708e-09 1.48323969742e-08 0.0 43.49357401
"BPMWC.6L7.B1" 19772.65 1 7.648607e-09 1.48323969742e-08 0.0 43.53518498
"BPMWE.5L7.B1" 19849.71 1 2.652577e-08 1.48323969742e-08 0.0 43.64095861
"BPMW.5L7.B1" 19872.91 1 2.541017e-08 1.48323969742e-08 0.0 43.65238989
"BPMWE.4L7.B1" 19908.0 1 1.426688e-08 1.48323969742e-08 0.0 43.68688228
"BPMW.4L7.B1" 19936.1 1 8.947201e-09 1.48323969742e-08 0.0 43.75770007
"BPMW.4R7.B1" 20052.15 1 -2.617804e-10 1.48323969742e-08 0.0 43.90837882
"BPMWE.4R7.B1" 20080.25 1 -2.260773e-09 1.48323969742e-08 0.0 43.92038415
"BPMW.5R7.B1" 20115.34 1 -4.147343e-09 1.48323969742e-08 0.0 43.95309121
"BPMWE.5R7.B1" 20138.54 1 -6.480796e-09 1.48323969742e-08 0.0 44.01432271
"BPMR.6R7.B1" 20217.76 1 -1.921078e-08 1.48323969742e-08 0.0 44.1867398
"BPM_A.7R7.B1" 20255.79 1 -1.142908e-08 1.48323969742e-08 0.0 44.2365452
"BPM.8R7.B1" 20294.86 1 -1.319814e-08 1.48323969742e-08 0.0 44.29498052
"BPM.9R7.B1" 20333.93 1 -4.105289e-09 1.48323969742e-08 0.0 44.35095529
"BPM.10R7.B1" 20374.39 1 1.760772e-09 1.48323969742e-08 0.0 44.42109631
"BPM.11R7.B1" 20427.18 1 6.22945e-09 1.48323969742e-08 0.0 44.53196659
"BPM.12R7.B1" 20481.9 1 1.970661e-08 1.48323969742e-08 0.0 44.66857042
"BPM.13R7.B1" 20535.35 1 6.408936e-09 1.48323969742e-08 0.0 44.77928069
"BPM.14R7.B1" 20588.8 1 -5.085446e-10 1.48323969742e-08 0.0 44.91145115
"BPM.15R7.B1" 20642.26 1 -5.894736e-09 1.48323969742e-08 0.0 45.02234937
"BPM.16R7.B1" 20695.71 1 -1.977089e-08 1.48323969742e-08 0.0 45.15452004
"BPM.17R7.B1" 20749.16 1 -6.925751e-09 1.48323969742e-08 0.0 45.26541826
"BPM.18R7.B1" 20802.61 1 -1.16502e-09 1.48323969742e-08 0.0 45.39758893
"BPM.19R7.B1" 20856.06 1 5.296849e-09 1.48323969742e-08 0.0 45.50848715
"BPM.20R7.B1" 20909.51 1 1.962362e-08 1.48323969742e-08 0.0 45.64065782
"BPM.21R7.B1" 20962.96 1 7.382549e-09 1.48323969742e-08 0.0 45.75155604
"BPM.22R7.B1" 21016.42 1 2.919844e-09 1.48323969742e-08 0.0 45.88372671
"BPM.23R7.B1" 21069.87 1 -4.648697e-09 1.48323969742e-08 0.0 45.99462493
"BPM.24R7.B1" 21123.32 1 -1.941393e-08 1.48323969742e-08 0.0 46.1267956
"BPM.25R7.B1" 21176.77 1 -7.792107e-09 1.48323969742e-08 0.0 46.23769382
"BPM.26R7.B1" 21230.22 1 -4.565473e-09 1.48323969742e-08 0.0 46.36986449
"BPM.27R7.B1" 21283.67 1 3.976019e-09 1.48323969742e-08 0.0 46.48076271
"BPM.28R7.B1" 21337.13 1 1.89737e-08 1.48323969742e-08 0.0 46.61293338
"BPM.29R7.B1" 21390.58 1 8.133072e-09 1.48323969742e-08 0.0 46.7238316
"BPM.30R7.B1" 21444.03 1 6.255589e-09 1.48323969742e-08 0.0 46.85600227
"BPM.31R7.B1" 21497.48 1 -3.265013e-09 1.48323969742e-08 0.0 46.96690049
"BPM.32R7.B1" 21550.93 1 -1.8475e-08 1.48323969742e-08 0.0 47.09907116
"BPM.33R7.B1" 21604.38 1 -8.423423e-09 1.48323969742e-08 0.0 47.20996938
"BPM.34R7.B1" 21657.83 1 -7.829144e-09 1.48323969742e-08 0.0 47.34214005
"BPM.33L8.B1" 21711.29 1 2.534168e-09 1.48323969742e-08 0.0 47.45303827
"BPM.32L8.B1" 21764.74 1 1.775435e-08 1.48323969742e-08 0.0 47.58520894
"BPM.31L8.B1" 21818.19 1 8.641416e-09 1.48323969742e-08 0.0 47.69610716
"BPM.30L8.B1" 21871.64 1 9.418964e-09 1.48323969742e-08 0.0 47.82827783
"BPM.29L8.B1" 21925.09 1 -1.77494e-09 1.48323969742e-08 0.0 47.93917605
"BPM.28L8.B1" 21978.54 1 -1.696418e-08 1.48323969742e-08 0.0 48.07134672
"BPM.27L8.B1" 22031.99 1 -8.798052e-09 1.48323969742e-08 0.0 48.18224494
"BPM.26L8.B1" 22085.45 1 -1.085432e-08 1.48323969742e-08 0.0 48.31441561
"BPM.25L8.B1" 22138.9 1 1.015844e-09 1.48323969742e-08 0.0 48.42531383
"BPM.24L8.B1" 22192.35 1 1.598567e-08 1.48323969742e-08 0.0 48.5574845
"BPM.23L8.B1" 22245.8 1 8.879897e-09 1.48323969742e-08 0.0 48.66838272
"BPM.22L8.B1" 22299.25 1 1.227786e-08 1.48323969742e-08 0.0 48.80055339
"BPM.21L8.B1" 22352.7 1 -2.361587e-10 1.48323969742e-08 0.0 48.91145161
"BPM.20L8.B1" 22406.15 1 -1.494697e-08 1.48323969742e-08 0.0 49.04362228
"BPM.19L8.B1" 22459.61 1 -8.907358e-09 1.48323969742e-08 0.0 49.1545205
"BPM.18L8.B1" 22513.06 1 -1.355128e-08 1.48323969742e-08 0.0 49.28669117
"BPM.17L8.B1" 22566.51 1 -5.330305e-10 1.48323969742e-08 0.0 49.39758939
"BPM.16L8.B1" 22619.96 1 1.373974e-08 1.48323969742e-08 0.0 49.52976006
"BPM.15L8.B1" 22673.41 1 8.853927e-09 1.48323969742e-08 0.0 49.64065828
"BPM.14L8.B1" 22726.86 1 1.477252e-08 1.48323969742e-08 0.0 49.77282895
"BPM.13L8.B1" 22780.32 1 1.3105e-09 1.48323969742e-08 0.0 49.88372717
"BPM.12L8.B1" 22833.77 1 -1.248533e-08 1.48323969742e-08 0.0 50.01627481
"BPM.11L8.B1" 22887.22 1 -9.79481e-09 1.48323969742e-08 0.0 50.11115416
"BPM.10L8.B1" 22939.06 1 -1.938878e-08 1.48323969742e-08 0.0 50.21263894
"BPM.9L8.B1" 22978.13 1 -6.683367e-09 1.48323969742e-08 0.0 50.28139472
"BPM.8L8.B1" 23018.59 1 6.696794e-10 1.48323969742e-08 0.0 50.41411848
"BPM.7L8.B1" 23057.66 1 6.094376e-09 1.48323969742e-08 0.0 50.48435486
"BPMR.6L8.B1" 23090.13 1 1.747613e-08 1.48323969742e-08 0.0 50.51811196
"BPM.5L8.B1" 23150.55 1 9.254506e-09 1.48323969742e-08 0.0 50.62269102
"BPMYB.4L8.B1" 23171.31 1 1.26732e-08 1.48323969742e-08 0.0 50.68573699
"BPMWB.4L8.B1" 23195.71 1 9.073439e-09 1.48323969742e-08 0.0 50.74465921
"BPMSX.4L8.B1" 23245.94 1 -1.959728e-09 1.48323969742e-08 0.0 50.93417866
"BPMS.2L8.B1" 23283.85 1 -1.003272e-08 1.48323969742e-08 0.0 50.98981395
"BPMSW.1L8.B1" 23293.78 1 -6.697213e-09 1.48323969742e-08 0.0 51.00759508
"BPMSW.1R8.B1" 23336.97 1 -2.639487e-09 1.48323969742e-08 0.0 51.36955371
"BPMS.2R8.B1" 23346.91 1 -9.987367e-10 1.48323969742e-08 0.0 51.39335639
"BPMSX.4R8.B1" 23384.82 1 4.652678e-09 1.48323969742e-08 0.0 51.44880105
"BPMWB.4R8.B1" 23434.98 1 8.212235e-09 1.48323969742e-08 0.0 51.55560794
"BPMYB.4R8.B1" 23459.44 1 1.142778e-08 1.48323969742e-08 0.0 51.6445627
"BPMYB.5R8.B1" 23480.02 1 1.969275e-08 1.48323969742e-08 0.0 51.67742335
"BPM.6R8.B1" 23564.13 1 1.256444e-09 1.48323969742e-08 0.0 51.88655193
"BPM_A.7R8.B1" 23586.37 1 -3.010973e-09 1.48323969742e-08 0.0 51.935202
"BPM.8R8.B1" 23627.81 1 -5.260301e-09 1.48323969742e-08 0.0 52.07588398
"BPM.9R8.B1" 23666.87 1 -1.300231e-08 1.48323969742e-08 0.0 52.26946678
"BPM.10R8.B1" 23707.33 1 -1.147664e-09 1.48323969742e-08 0.0 52.38124741
"BPM.11R8.B1" 23759.17 1 1.664857e-08 1.48323969742e-08 0.0 52.56268248
"BPM.12R8.B1" 23813.9 1 7.633068e-09 1.48323969742e-08 0.0 52.69149554
"BPM.13R8.B1" 23867.34 1 6.83128e-09 1.48323969742e-08 0.0 52.85022402
"BPM.14R8.B1" 23920.79 1 -2.974864e-09 1.48323969742e-08 0.0 52.9611155
"BPM.15R8.B1" 23974.24 1 -1.813406e-08 1.48323969742e-08 0.0 53.09327622
"BPM.16R8.B1" 24027.69 1 -8.493833e-09 1.48323969742e-08 0.0 53.2041669
"BPM.17R8.B1" 24081.14 1 -8.468966e-09 1.48323969742e-08 0.0 53.33632763
"BPM.18R8.B1" 24134.59 1 2.228436e-09 1.48323969742e-08 0.0 53.4472183
"BPM.19R8.B1" 24188.04 1 1.744034e-08 1.48323969742e-08 0.0 53.57937903
"BPM.20R8.B1" 24241.48 1 8.69295e-09 1.48323969742e-08 0.0 53.6902697
"BPM.21R8.B1" 24294.93 1 9.945756e-09 1.48323969742e-08 0.0 53.82243043
"BPM.22R8.B1" 24348.38 1 -1.474977e-09 1.48323969742e-08 0.0 53.93332111
"BPM.23R8.B1" 24401.83 1 -1.652809e-08 1.48323969742e-08 0.0 54.06548184
"BPM.24R8.B1" 24455.28 1 -8.816651e-09 1.48323969742e-08 0.0 54.17637251
"BPM.25R8.B1" 24508.73 1 -1.143224e-08 1.48323969742e-08 0.0 54.30853324
"BPM.26R8.B1" 24562.18 1 6.997654e-10 1.48323969742e-08 0.0 54.41942391
"BPM.27R8.B1" 24615.62 1 1.557253e-08 1.48323969742e-08 0.0 54.55158464
"BPM.28R8.B1" 24669.07 1 8.883242e-09 1.48323969742e-08 0.0 54.66247532
"BPM.29R8.B1" 24722.52 1 1.275005e-08 1.48323969742e-08 0.0 54.79463605
"BPM.30R8.B1" 24775.97 1 6.987456e-11 1.48323969742e-08 0.0 54.90552672
"BPM.31R8.B1" 24829.42 1 -1.442424e-08 1.48323969742e-08 0.0 55.03768745
"BPM.32R8.B1" 24882.87 1 -8.874743e-09 1.48323969742e-08 0.0 55.14857812
"BPM.33R8.B1" 24936.32 1 -1.405417e-08 1.48323969742e-08 0.0 55.28073885
"BPM.34R8.B1" 24989.76 1 -8.510197e-10 1.48323969742e-08 0.0 55.39162953
"BPM.33L1.B1" 25043.21 1 1.322993e-08 1.48323969742e-08 0.0 55.52379025
"BPM.32L1.B1" 25096.66 1 8.80287e-09 1.48323969742e-08 0.0 55.63468093
"BPM.31L1.B1" 25150.11 1 1.517218e-08 1.48323969742e-08 0.0 55.76684166
"BPM.30L1.B1" 25203.56 1 1.617007e-09 1.48323969742e-08 0.0 55.87773233
"BPM.29L1.B1" 25257.01 1 -1.186297e-08 1.48323969742e-08 0.0 56.00989306
"BPM.28L1.B1" 25310.45 1 -8.654625e-09 1.48323969742e-08 0.0 56.12078373
"BPM.27L1.B1" 25363.9 1 -1.6235e-08 1.48323969742e-08 0.0 56.25294446
"BPM.26L1.B1" 25417.35 1 -2.374219e-09 1.48323969742e-08 0.0 56.36383514
"BPM.25L1.B1" 25470.8 1 1.048621e-08 1.48323969742e-08 0.0 56.49599587
"BPM.24L1.B1" 25524.25 1 8.454921e-09 1.48323969742e-08 0.0 56.60688654
"BPM.23L1.B1" 25577.7 1 1.712015e-08 1.48323969742e-08 0.0 56.73904727
"BPM.22L1.B1" 25631.15 1 3.106072e-09 1.48323969742e-08 0.0 56.84993794
"BPM.21L1.B1" 25684.59 1 -8.961985e-09 1.48323969742e-08 0.0 56.98209867
"BPM.20L1.B1" 25738.04 1 -8.176833e-09 1.48323969742e-08 0.0 57.09298935
"BPM.19L1.B1" 25791.49 1 -1.792986e-08 1.48323969742e-08 0.0 57.22515008
"BPM.18L1.B1" 25844.94 1 -3.826238e-09 1.48323969742e-08 0.0 57.33604075
"BPM.17L1.B1" 25898.39 1 7.423396e-09 1.48323969742e-08 0.0 57.46820148
"BPM.16L1.B1" 25951.84 1 7.850062e-09 1.48323969742e-08 0.0 57.57909215
"BPM.15L1.B1" 26005.29 1 1.85544e-08 1.48323969742e-08 0.0 57.71125288
"BPM.14L1.B1" 26058.73 1 4.505217e-09 1.48323969742e-08 0.0 57.82214356
"BPM.13L1.B1" 26112.18 1 -5.780704e-09 1.48323969742e-08 0.0 57.95430428
"BPM.12L1.B1" 26165.63 1 -7.515316e-09 1.48323969742e-08 0.0 58.06271881
"BPM.11L1.B1" 26219.08 1 -1.907114e-08 1.48323969742e-08 0.0 58.19280817
"BPM.10L1.B1" 26271.86 1 -3.539806e-09 1.48323969742e-08 0.0 58.32867582
"BPM.9L1.B1" 26310.93 1 5.716372e-09 1.48323969742e-08 0.0 58.45913811
"BPM.8L1.B1" 26351.39 1 5.946056e-09 1.48323969742e-08 0.0 58.57130861
"BPMR.7L1.B1" 26390.45 1 1.259015e-08 1.48323969742e-08 0.0 58.75378192
"BPM.6L1.B1" 26433.64 1 6.813225e-09 1.48323969742e-08 0.0 58.8255369
"BPMR.5L1.B1" 26465.54 1 5.749932e-09 1.48323969742e-08 0.0 58.86234888
"BPMYA.4L1.B1" 26486.66 1 1.754169e-09 1.48323969742e-08 0.0 58.88755204
"BPMWB.4L1.B1" 26507.79 1 -1.831431e-09 1.48323969742e-08 0.0 58.92867104
"BPMSY.4L1.B1" 26600.57 1 -1.733099e-08 1.48323969742e-08 0.0 59.06634775
"BPMS.2L1.B1" 26627.35 1 -1.108888e-08 1.48323969742e-08 0.0 59.10995015
"BPMSW.1L1.B1" 26637.41 1 -1.083483e-08 1.48323969742e-08 0.0 59.1353408
