@ MAD_FILE %s "./data\run1\input/model/twiss.dat"
@ FILES %s "C:\eclipse_4_2_2_python\workspace\Beta-Beat.src\GetLLM\test\data\run1\input\src_files\ALLBPMs_linx"
@ TABLE %05s "ORBIT"
@ TYPE %05s "ORBIT"
@ SEQUENCE %05s "LHCB1"
@ Q1 %le 0.2799948
@ Q2 %le 0.309994799069
* NAME   S   COUNT  X      STDX   XMDL   MUXMDL
$ %s     %le    %le    %le    %le    %le    %le
"BPMSW.1R1.B1" 21.475 1 -3.379765e-07 1.48323969742e-08 0.0 0.1746594663
"BPMS.2R1.B1" 31.529 1 -3.672912e-07 1.48323969742e-08 0.0 0.2000501168
"BPMSY.4R1.B1" 58.3145 1 -6.409928e-07 1.48323969742e-08 0.0 0.2436525181
"BPMWB.4R1.B1" 151.0945 1 -2.069755e-07 1.48323969742e-08 0.0 0.3813300255
"BPMYA.4R1.B1" 172.227 1 -1.139172e-07 1.48323969742e-08 0.0 0.4224494594
"BPM.5R1.B1" 199.635 1 -3.959618e-08 1.48323969742e-08 0.0 0.4526730194
"BPMR.6R1.B1" 231.535 1 9.221978e-08 1.48323969742e-08 0.0 0.496949443
"BPM_A.7R1.B1" 259.259 1 2.522218e-07 1.48323969742e-08 0.0 0.5436091515
"BPM.8R1.B1" 300.698 1 2.220116e-07 1.48323969742e-08 0.0 0.6716754207
"BPM.9R1.B1" 339.765 1 4.311833e-07 1.48323969742e-08 0.0 0.8156501977
"BPM.10R1.B1" 380.23 1 5.971325e-08 1.48323969742e-08 0.0 0.9220772191
"BPM.11R1.B1" 433.0127 1 -4.607321e-07 1.48323969742e-08 0.0 1.091101015
"BPM.12R1.B1" 487.7391 1 -5.429641e-07 1.48323969742e-08 0.0 1.197281591
"BPM.13R1.B1" 541.1906 1 -1.717825e-06 1.48323969742e-08 0.0 1.322863469
"BPM.14R1.B1" 594.6421 1 -8.404852e-07 1.48323969742e-08 0.0 1.442479149
"BPM.15R1.B1" 648.0936 1 -1.30687e-06 1.48323969742e-08 0.0 1.586347197
"BPM.16R1.B1" 701.5451 1 -2.582086e-07 1.48323969742e-08 0.0 1.70596351
"BPM.17R1.B1" 754.9966 1 1.949705e-07 1.48323969742e-08 0.0 1.849831558
"BPM.18R1.B1" 808.448 1 5.604063e-08 1.48323969742e-08 0.0 1.969447871
"BPM.19R1.B1" 861.8995 1 -4.686526e-07 1.48323969742e-08 0.0 2.113315919
"BPM.20R1.B1" 915.351 1 -5.794361e-07 1.48323969742e-08 0.0 2.232932233
"BPM.21R1.B1" 968.8025 1 -1.85811e-06 1.48323969742e-08 0.0 2.37680028
"BPM.22R1.B1" 1022.254 1 -7.861099e-07 1.48323969742e-08 0.0 2.496416594
"BPM.23R1.B1" 1075.705 1 -9.594021e-07 1.48323969742e-08 0.0 2.640284642
"BPM.24R1.B1" 1129.157 1 -1.156858e-07 1.48323969742e-08 0.0 2.759900955
"BPM.25R1.B1" 1182.608 1 2.7801e-07 1.48323969742e-08 0.0 2.903769003
"BPM.26R1.B1" 1236.06 1 -2.24546e-08 1.48323969742e-08 0.0 3.023385316
"BPM.27R1.B1" 1289.511 1 -8.301861e-07 1.48323969742e-08 0.0 3.167253364
"BPM.28R1.B1" 1342.963 1 -7.086791e-07 1.48323969742e-08 0.0 3.286869678
"BPM.29R1.B1" 1396.414 1 -1.879966e-06 1.48323969742e-08 0.0 3.430737725
"BPM.30R1.B1" 1449.866 1 -4.458157e-07 1.48323969742e-08 0.0 3.550354039
"BPM.31R1.B1" 1503.317 1 2.443289e-07 1.48323969742e-08 0.0 3.694222087
"BPM.32R1.B1" 1556.769 1 2.460303e-07 1.48323969742e-08 0.0 3.8138384
"BPM.33R1.B1" 1610.22 1 1.183356e-07 1.48323969742e-08 0.0 3.957706448
"BPM.34R1.B1" 1663.672 1 -1.84037e-07 1.48323969742e-08 0.0 4.077322761
"BPM.33L2.B1" 1717.123 1 -1.168378e-06 1.48323969742e-08 0.0 4.221190809
"BPM.32L2.B1" 1770.575 1 -5.130696e-07 1.48323969742e-08 0.0 4.340807123
"BPM.31L2.B1" 1824.026 1 -8.024278e-07 1.48323969742e-08 0.0 4.48467517
"BPM.30L2.B1" 1877.478 1 -2.672199e-07 1.48323969742e-08 0.0 4.604291484
"BPM.29L2.B1" 1930.929 1 -4.16133e-07 1.48323969742e-08 0.0 4.748159532
"BPM.28L2.B1" 1984.381 1 -2.995602e-08 1.48323969742e-08 0.0 4.867775845
"BPM.27L2.B1" 2037.832 1 -3.118653e-08 1.48323969742e-08 0.0 5.011643893
"BPM.26L2.B1" 2091.284 1 -2.658035e-07 1.48323969742e-08 0.0 5.131260206
"BPM.25L2.B1" 2144.735 1 -1.298892e-06 1.48323969742e-08 0.0 5.275128254
"BPM.24L2.B1" 2198.187 1 -7.532167e-07 1.48323969742e-08 0.0 5.394744568
"BPM.23L2.B1" 2251.638 1 -1.491483e-06 1.48323969742e-08 0.0 5.538612615
"BPM.22L2.B1" 2305.09 1 -4.348681e-07 1.48323969742e-08 0.0 5.658228929
"BPM.21L2.B1" 2358.541 1 -1.911861e-07 1.48323969742e-08 0.0 5.802096976
"BPM.20L2.B1" 2411.993 1 -1.34474e-09 1.48323969742e-08 0.0 5.92171329
"BPM.19L2.B1" 2465.444 1 -2.1867e-07 1.48323969742e-08 0.0 6.065581338
"BPM.18L2.B1" 2518.896 1 -3.930502e-07 1.48323969742e-08 0.0 6.185197651
"BPM.17L2.B1" 2572.347 1 -1.514277e-06 1.48323969742e-08 0.0 6.329065699
"BPM.16L2.B1" 2625.799 1 -7.60282e-07 1.48323969742e-08 0.0 6.448682012
"BPM.15L2.B1" 2679.25 1 -1.267559e-06 1.48323969742e-08 0.0 6.59255006
"BPM.14L2.B1" 2732.701 1 -3.064304e-07 1.48323969742e-08 0.0 6.712166374
"BPM.13L2.B1" 2786.153 1 -1.368428e-08 1.48323969742e-08 0.0 6.856034421
"BPM.12L2.B1" 2839.604 1 -2.001556e-08 1.48323969742e-08 0.0 6.961626341
"BPM.11L2.B1" 2893.056 1 -4.458891e-07 1.48323969742e-08 0.0 7.085389973
"BPM.10L2.B1" 2944.897 1 -4.773275e-07 1.48323969742e-08 0.0 7.211562643
"BPM.9L2.B1" 2983.964 1 -9.617684e-07 1.48323969742e-08 0.0 7.355039738
"BPM.8L2.B1" 3024.429 1 -2.793947e-07 1.48323969742e-08 0.0 7.457231302
"BPM.7L2.B1" 3063.497 1 3.520147e-07 1.48323969742e-08 0.0 7.594483198
"BPMR.6L2.B1" 3095.603 1 4.976461e-07 1.48323969742e-08 0.0 7.693768747
"BPMYB.5L2.B1" 3167.802 1 1.35794e-06 1.48323969742e-08 0.0 7.836059364
"BPMYB.4L2.B1" 3188.372 1 6.941764e-07 1.48323969742e-08 0.0 7.866627736
"BPMWI.4L2.B1" 3212.839 1 3.351994e-07 1.48323969742e-08 0.0 7.955265228
"BPMSX.4L2.B1" 3262.996 1 -2.0675e-07 1.48323969742e-08 0.0 8.062074852
"BPMS.2L2.B1" 3300.908 1 -3.955933e-07 1.48323969742e-08 0.0 8.117519527
"BPMSW.1L2.B1" 3310.842 1 -4.792879e-07 1.48323969742e-08 0.0 8.141322203
"BPMSW.1R2.B1" 3354.032 1 -1.534102e-07 1.48323969742e-08 0.0 8.503280834
"BPMS.2R2.B1" 3363.966 1 -1.20823e-07 1.48323969742e-08 0.0 8.52106196
"BPMSX.4R2.B1" 3401.877 1 2.035595e-07 1.48323969742e-08 0.0 8.576697291
"BPMWB.4R2.B1" 3452.11 1 7.222364e-07 1.48323969742e-08 0.0 8.766219238
"BPMYB.4R2.B1" 3476.502 1 8.384721e-07 1.48323969742e-08 0.0 8.825325309
"BPMR.5R2.B1" 3506.036 1 3.29347e-07 1.48323969742e-08 0.0 8.942564829
"BPM.6R2.B1" 3579.332 1 -1.610378e-07 1.48323969742e-08 0.0 9.049704419
"BPM_A.7R2.B1" 3592.207 1 -1.878064e-07 1.48323969742e-08 0.0 9.060020852
"BPM.8R2.B1" 3633.644 1 -5.802163e-07 1.48323969742e-08 0.0 9.120769606
"BPM.9R2.B1" 3672.709 1 -4.11683e-07 1.48323969742e-08 0.0 9.273553999
"BPM.10R2.B1" 3713.172 1 -6.500658e-07 1.48323969742e-08 0.0 9.45052967
"BPM.11R2.B1" 3765.01 1 9.61338e-08 1.48323969742e-08 0.0 9.560527511
"BPM.12R2.B1" 3819.734 1 7.385922e-07 1.48323969742e-08 0.0 9.694860579
"BPM.13R2.B1" 3873.182 1 1.158731e-08 1.48323969742e-08 0.0 9.809940297
"BPM.14R2.B1" 3926.631 1 -1.248096e-06 1.48323969742e-08 0.0 9.953791907
"BPM.15R2.B1" 3980.079 1 -9.66567e-07 1.48323969742e-08 0.0 10.07340035
"BPM.16R2.B1" 4033.528 1 -2.272721e-06 1.48323969742e-08 0.0 10.2172576
"BPM.17R2.B1" 4086.976 1 -6.762836e-07 1.48323969742e-08 0.0 10.33686604
"BPM.18R2.B1" 4140.425 1 -1.099498e-07 1.48323969742e-08 0.0 10.48072329
"BPM.19R2.B1" 4193.873 1 2.528385e-07 1.48323969742e-08 0.0 10.60033173
"BPM.20R2.B1" 4247.322 1 5.491328e-07 1.48323969742e-08 0.0 10.74418899
"BPM.21R2.B1" 4300.77 1 -1.944986e-07 1.48323969742e-08 0.0 10.86379743
"BPM.22R2.B1" 4354.219 1 -1.725025e-06 1.48323969742e-08 0.0 11.00765468
"BPM.23R2.B1" 4407.668 1 -1.047994e-06 1.48323969742e-08 0.0 11.12726312
"BPM.24R2.B1" 4461.116 1 -1.999751e-06 1.48323969742e-08 0.0 11.27112037
"BPM.25R2.B1" 4514.565 1 -4.564318e-07 1.48323969742e-08 0.0 11.39072881
"BPM.26R2.B1" 4568.013 1 3.208222e-07 1.48323969742e-08 0.0 11.53458607
"BPM.27R2.B1" 4621.462 1 2.971033e-07 1.48323969742e-08 0.0 11.65419451
"BPM.28R2.B1" 4674.91 1 2.033693e-07 1.48323969742e-08 0.0 11.79805176
"BPM.29R2.B1" 4728.359 1 -4.218332e-07 1.48323969742e-08 0.0 11.9176602
"BPM.30R2.B1" 4781.807 1 -2.097383e-06 1.48323969742e-08 0.0 12.06151746
"BPM.31R2.B1" 4835.256 1 -8.13974e-07 1.48323969742e-08 0.0 12.18112589
"BPM.32R2.B1" 4888.704 1 -7.527659e-07 1.48323969742e-08 0.0 12.32498315
"BPM.33R2.B1" 4942.153 1 2.135258e-08 1.48323969742e-08 0.0 12.44459159
"BPM.34R2.B1" 4995.601 1 5.046091e-07 1.48323969742e-08 0.0 12.58844884
"BPM.33L3.B1" 5049.05 1 2.221986e-07 1.48323969742e-08 0.0 12.70805728
"BPM.32L3.B1" 5102.498 1 -2.363927e-07 1.48323969742e-08 0.0 12.85191454
"BPM.31L3.B1" 5155.947 1 -3.570796e-07 1.48323969742e-08 0.0 12.97152297
"BPM.30L3.B1" 5209.395 1 -1.346351e-06 1.48323969742e-08 0.0 13.11538023
"BPM.29L3.B1" 5262.844 1 -6.998728e-07 1.48323969742e-08 0.0 13.23498867
"BPM.28L3.B1" 5316.292 1 -1.256004e-06 1.48323969742e-08 0.0 13.37884592
"BPM.27L3.B1" 5369.741 1 -1.127957e-07 1.48323969742e-08 0.0 13.49845436
"BPM.26L3.B1" 5423.189 1 6.547541e-07 1.48323969742e-08 0.0 13.64231162
"BPM.25L3.B1" 5476.638 1 1.809131e-07 1.48323969742e-08 0.0 13.76192005
"BPM.24L3.B1" 5530.086 1 -5.746016e-07 1.48323969742e-08 0.0 13.90577731
"BPM.23L3.B1" 5583.535 1 -7.458243e-07 1.48323969742e-08 0.0 14.02538575
"BPM.22L3.B1" 5636.983 1 -2.299849e-06 1.48323969742e-08 0.0 14.169243
"BPM.21L3.B1" 5690.432 1 -8.829064e-07 1.48323969742e-08 0.0 14.28885144
"BPM.20L3.B1" 5743.88 1 -7.78846e-07 1.48323969742e-08 0.0 14.4327087
"BPM.19L3.B1" 5797.329 1 6.700945e-08 1.48323969742e-08 0.0 14.55231714
"BPM.18L3.B1" 5850.777 1 6.893048e-07 1.48323969742e-08 0.0 14.69617439
"BPM.17L3.B1" 5904.226 1 4.354462e-08 1.48323969742e-08 0.0 14.81578283
"BPM.16L3.B1" 5957.674 1 -1.079798e-06 1.48323969742e-08 0.0 14.95964008
"BPM.15L3.B1" 6011.123 1 -9.024049e-07 1.48323969742e-08 0.0 15.07924852
"BPM.14L3.B1" 6064.572 1 -2.248995e-06 1.48323969742e-08 0.0 15.22310578
"BPM.13L3.B1" 6118.02 1 -7.190779e-07 1.48323969742e-08 0.0 15.34271422
"BPM.12L3.B1" 6171.469 1 -2.600746e-07 1.48323969742e-08 0.0 15.48847334
"BPM.11L3.B1" 6224.917 1 2.283154e-07 1.48323969742e-08 0.0 15.61559442
"BPM.10L3.B1" 6277.698 1 5.969534e-07 1.48323969742e-08 0.0 15.77001076
"BPM.9L3.B1" 6316.763 1 2.358764e-07 1.48323969742e-08 0.0 15.83520742
"BPM.8L3.B1" 6357.226 1 9.223103e-08 1.48323969742e-08 0.0 15.91112757
"BPM.7L3.B1" 6396.29 1 -1.068354e-07 1.48323969742e-08 0.0 15.97157222
"BPM.6L3.B1" 6468.929 1 -6.809829e-07 1.48323969742e-08 0.0 16.08828685
"BPMWE.5L3.B1" 6512.058 1 -4.488095e-07 1.48323969742e-08 0.0 16.148766
"BPMW.5L3.B1" 6539.603 1 -4.068401e-07 1.48323969742e-08 0.0 16.22871399
"BPMWE.4L3.B1" 6614.731 1 -5.430531e-07 1.48323969742e-08 0.0 16.33209322
"BPMW.4L3.B1" 6642.276 1 -4.485972e-07 1.48323969742e-08 0.0 16.34730089
"BPMW.4R3.B1" 6687.241 1 -3.132516e-08 1.48323969742e-08 0.0 16.41746042
"BPMWE.4R3.B1" 6714.786 1 2.346801e-07 1.48323969742e-08 0.0 16.56507656
"BPMW.5R3.B1" 6789.914 1 1.052004e-06 1.48323969742e-08 0.0 16.69461122
"BPMWE.5R3.B1" 6817.459 1 9.880477e-07 1.48323969742e-08 0.0 16.70663453
"BPMWC.6R3.B1" 6858.45 1 4.094821e-07 1.48323969742e-08 0.0 16.75314039
"BPMR.6R3.B1" 6870.529 1 2.705779e-07 1.48323969742e-08 0.0 16.7933089
"BPM_A.7R3.B1" 6926.353 1 -1.800165e-07 1.48323969742e-08 0.0 16.98490888
"BPM.8R3.B1" 6965.417 1 -2.897096e-07 1.48323969742e-08 0.0 17.09674378
"BPM.9R3.B1" 7004.482 1 -6.299786e-07 1.48323969742e-08 0.0 17.20228734
"BPM.10R3.B1" 7044.945 1 -3.454453e-07 1.48323969742e-08 0.0 17.27760083
"BPM.11R3.B1" 7097.726 1 -2.824299e-07 1.48323969742e-08 0.0 17.37035041
"BPM.12R3.B1" 7152.449 1 -1.297408e-07 1.48323969742e-08 0.0 17.47478266
"BPM.13R3.B1" 7205.898 1 -5.091685e-07 1.48323969742e-08 0.0 17.59576904
"BPM.14R3.B1" 7259.346 1 -4.749416e-07 1.48323969742e-08 0.0 17.71537666
"BPM.15R3.B1" 7312.795 1 -1.458013e-06 1.48323969742e-08 0.0 17.85923392
"BPM.16R3.B1" 7366.243 1 -6.584703e-07 1.48323969742e-08 0.0 17.97884236
"BPM.17R3.B1" 7419.692 1 -9.872129e-07 1.48323969742e-08 0.0 18.12269961
"BPM.18R3.B1" 7473.14 1 -2.41812e-07 1.48323969742e-08 0.0 18.24230805
"BPM.19R3.B1" 7526.589 1 -1.172685e-07 1.48323969742e-08 0.0 18.3861653
"BPM.20R3.B1" 7580.037 1 -1.286922e-07 1.48323969742e-08 0.0 18.50577374
"BPM.21R3.B1" 7633.486 1 -7.351574e-07 1.48323969742e-08 0.0 18.649631
"BPM.22R3.B1" 7686.934 1 -5.644767e-07 1.48323969742e-08 0.0 18.76923944
"BPM.23R3.B1" 7740.383 1 -1.500619e-06 1.48323969742e-08 0.0 18.91309669
"BPM.24R3.B1" 7793.831 1 -6.039432e-07 1.48323969742e-08 0.0 19.03270513
"BPM.25R3.B1" 7847.28 1 -7.534351e-07 1.48323969742e-08 0.0 19.17656239
"BPM.26R3.B1" 7900.728 1 -1.615005e-07 1.48323969742e-08 0.0 19.29617082
"BPM.27R3.B1" 7954.177 1 -1.141848e-07 1.48323969742e-08 0.0 19.44002808
"BPM.28R3.B1" 8007.625 1 -1.967916e-07 1.48323969742e-08 0.0 19.55963652
"BPM.29R3.B1" 8061.074 1 -9.694516e-07 1.48323969742e-08 0.0 19.70349377
"BPM.30R3.B1" 8114.522 1 -3.934188e-07 1.48323969742e-08 0.0 19.82310221
"BPM.31R3.B1" 8167.971 1 -6.258509e-07 1.48323969742e-08 0.0 19.96695947
"BPM.32R3.B1" 8221.419 1 -2.747528e-07 1.48323969742e-08 0.0 20.0865679
"BPM.33R3.B1" 8274.868 1 -6.447638e-07 1.48323969742e-08 0.0 20.23042516
"BPM.34R3.B1" 8328.316 1 -1.483232e-07 1.48323969742e-08 0.0 20.3500336
"BPM.33L4.B1" 8381.765 1 -1.690567e-07 1.48323969742e-08 0.0 20.49389085
"BPM.32L4.B1" 8435.213 1 1.6625e-09 1.48323969742e-08 0.0 20.61349929
"BPM.31L4.B1" 8488.662 1 -2.08348e-07 1.48323969742e-08 0.0 20.75735655
"BPM.30L4.B1" 8542.11 1 -3.899997e-07 1.48323969742e-08 0.0 20.87696498
"BPM.29L4.B1" 8595.559 1 -1.515708e-06 1.48323969742e-08 0.0 21.02082224
"BPM.28L4.B1" 8649.008 1 -5.239104e-07 1.48323969742e-08 0.0 21.14043068
"BPM.27L4.B1" 8702.456 1 -4.393645e-07 1.48323969742e-08 0.0 21.28428793
"BPM.26L4.B1" 8755.905 1 -5.950279e-08 1.48323969742e-08 0.0 21.40389637
"BPM.25L4.B1" 8809.353 1 -1.300253e-07 1.48323969742e-08 0.0 21.54775363
"BPM.24L4.B1" 8862.802 1 -2.940637e-07 1.48323969742e-08 0.0 21.66736207
"BPM.23L4.B1" 8916.25 1 -1.280811e-06 1.48323969742e-08 0.0 21.81121932
"BPM.22L4.B1" 8969.699 1 -7.188455e-07 1.48323969742e-08 0.0 21.93082776
"BPM.21L4.B1" 9023.147 1 -1.395696e-06 1.48323969742e-08 0.0 22.07468501
"BPM.20L4.B1" 9076.596 1 -4.124723e-07 1.48323969742e-08 0.0 22.19429345
"BPM.19L4.B1" 9130.044 1 -2.254358e-07 1.48323969742e-08 0.0 22.33815071
"BPM.18L4.B1" 9183.493 1 -3.948586e-08 1.48323969742e-08 0.0 22.45775915
"BPM.17L4.B1" 9236.941 1 -3.083995e-07 1.48323969742e-08 0.0 22.6016164
"BPM.16L4.B1" 9290.39 1 -4.08884e-07 1.48323969742e-08 0.0 22.72122484
"BPM.15L4.B1" 9343.838 1 -1.464573e-06 1.48323969742e-08 0.0 22.86508209
"BPM.14L4.B1" 9397.287 1 -7.194554e-07 1.48323969742e-08 0.0 22.98469053
"BPM.13L4.B1" 9450.735 1 -1.186286e-06 1.48323969742e-08 0.0 23.12854779
"BPM.12L4.B1" 9504.184 1 -3.131463e-07 1.48323969742e-08 0.0 23.24505577
"BPM.11L4.B1" 9557.632 1 -1.39017e-07 1.48323969742e-08 0.0 23.38129453
"BPMC.10L4.B1" 9609.471 1 -7.107888e-08 1.48323969742e-08 0.0 23.50499638
"BPMC.9L4.B1" 9648.536 1 -1.235137e-07 1.48323969742e-08 0.0 23.63480024
"BPMC.8L4.B1" 9688.999 1 -6.887604e-09 1.48323969742e-08 0.0 23.76010551
"BPMC.7L4.B1" 9728.063 1 1.278868e-07 1.48323969742e-08 0.0 23.94393293
"BPMYB.6L4.B1" 9824.667 1 1.483714e-07 1.48323969742e-08 0.0 24.07894681
"BPMYA.5L4.B1" 9861.667 1 2.568085e-07 1.48323969742e-08 0.0 24.10522155
"BPMWA.B5L4.B1" 9964.134 1 1.59083e-07 1.48323969742e-08 0.0 24.1521107
"BPMWA.A5L4.B1" 9973.019 1 1.496122e-07 1.48323969742e-08 0.0 24.15768602
"BPMWA.A5R4.B1" 10021.07 1 9.839489e-08 1.48323969742e-08 0.0 24.1929368
"BPMWA.B5R4.B1" 10029.95 1 8.892402e-08 1.48323969742e-08 0.0 24.20038205
"BPMYB.5R4.B1" 10132.34 1 -2.099321e-08 1.48323969742e-08 0.0 24.29574
"BPMYA.6R4.B1" 10163.91 1 -6.392647e-08 1.48323969742e-08 0.0 24.31243446
"BPMCA.7R4.B1" 10260.42 1 -8.092522e-08 1.48323969742e-08 0.0 24.38957972
"BPMC.8R4.B1" 10298.21 1 -1.335875e-07 1.48323969742e-08 0.0 24.45531856
"BPMC.9R4.B1" 10337.28 1 -4.777753e-08 1.48323969742e-08 0.0 24.6121504
"BPMC.10R4.B1" 10377.74 1 1.156564e-08 1.48323969742e-08 0.0 24.78899422
"BPM.11R4.B1" 10429.58 1 5.639482e-08 1.48323969742e-08 0.0 24.89190873
"BPM.12R4.B1" 10484.3 1 -1.912879e-07 1.48323969742e-08 0.0 25.02037543
"BPM.13R4.B1" 10537.75 1 -4.307655e-07 1.48323969742e-08 0.0 25.14149317
"BPM.14R4.B1" 10591.2 1 -1.657332e-06 1.48323969742e-08 0.0 25.28535223
"BPM.15R4.B1" 10644.65 1 -8.055416e-07 1.48323969742e-08 0.0 25.40496067
"BPM.16R4.B1" 10698.1 1 -1.256162e-06 1.48323969742e-08 0.0 25.54881793
"BPM.17R4.B1" 10751.54 1 -2.609339e-07 1.48323969742e-08 0.0 25.66842637
"BPM.18R4.B1" 10804.99 1 1.274667e-07 1.48323969742e-08 0.0 25.81228362
"BPM.19R4.B1" 10858.44 1 2.160692e-08 1.48323969742e-08 0.0 25.93189206
"BPM.20R4.B1" 10911.89 1 -5.075622e-07 1.48323969742e-08 0.0 26.07574931
"BPM.21R4.B1" 10965.34 1 -5.707596e-07 1.48323969742e-08 0.0 26.19535775
"BPM.22R4.B1" 11018.79 1 -1.783816e-06 1.48323969742e-08 0.0 26.33921501
"BPM.23R4.B1" 11072.24 1 -7.531673e-07 1.48323969742e-08 0.0 26.45882345
"BPM.24R4.B1" 11125.68 1 -9.331438e-07 1.48323969742e-08 0.0 26.6026807
"BPM.25R4.B1" 11179.13 1 -1.299973e-07 1.48323969742e-08 0.0 26.72228914
"BPM.26R4.B1" 11232.58 1 1.993769e-07 1.48323969742e-08 0.0 26.8661464
"BPM.27R4.B1" 11286.03 1 -5.289645e-08 1.48323969742e-08 0.0 26.98575483
"BPM.28R4.B1" 11339.48 1 -8.427586e-07 1.48323969742e-08 0.0 27.12961209
"BPM.29R4.B1" 11392.93 1 -6.89111e-07 1.48323969742e-08 0.0 27.24922053
"BPM.30R4.B1" 11446.38 1 -1.799065e-06 1.48323969742e-08 0.0 27.39307778
"BPM.31R4.B1" 11499.82 1 -4.187782e-07 1.48323969742e-08 0.0 27.51268622
"BPM.32R4.B1" 11553.27 1 2.429441e-07 1.48323969742e-08 0.0 27.65654348
"BPM.33R4.B1" 11606.72 1 2.218534e-07 1.48323969742e-08 0.0 27.77615191
"BPM.34R4.B1" 11660.17 1 3.806278e-08 1.48323969742e-08 0.0 27.92000917
"BPM.33L5.B1" 11713.62 1 -2.068627e-07 1.48323969742e-08 0.0 28.03961761
"BPM.32L5.B1" 11767.07 1 -1.153252e-06 1.48323969742e-08 0.0 28.18347486
"BPM.31L5.B1" 11820.52 1 -4.850646e-07 1.48323969742e-08 0.0 28.3030833
"BPM.30L5.B1" 11873.96 1 -7.248333e-07 1.48323969742e-08 0.0 28.44694056
"BPM.29L5.B1" 11927.41 1 -2.491899e-07 1.48323969742e-08 0.0 28.56654899
"BPM.28L5.B1" 11980.86 1 -4.44247e-07 1.48323969742e-08 0.0 28.71040625
"BPM.27L5.B1" 12034.31 1 -6.100936e-08 1.48323969742e-08 0.0 28.83001469
"BPM.26L5.B1" 12087.76 1 -1.039758e-07 1.48323969742e-08 0.0 28.97387194
"BPM.25L5.B1" 12141.21 1 -2.78537e-07 1.48323969742e-08 0.0 29.09348038
"BPM.24L5.B1" 12194.65 1 -1.258178e-06 1.48323969742e-08 0.0 29.23733764
"BPM.23L5.B1" 12248.1 1 -7.199641e-07 1.48323969742e-08 0.0 29.35694608
"BPM.22L5.B1" 12301.55 1 -1.42553e-06 1.48323969742e-08 0.0 29.50080333
"BPM.21L5.B1" 12355.0 1 -4.278114e-07 1.48323969742e-08 0.0 29.62041177
"BPM.20L5.B1" 12408.45 1 -2.43072e-07 1.48323969742e-08 0.0 29.76426902
"BPM.19L5.B1" 12461.9 1 -3.577772e-08 1.48323969742e-08 0.0 29.88387746
"BPM.18L5.B1" 12515.35 1 -2.755476e-07 1.48323969742e-08 0.0 30.02773472
"BPM.17L5.B1" 12568.79 1 -3.941702e-07 1.48323969742e-08 0.0 30.14734316
"BPM.16L5.B1" 12622.24 1 -1.452518e-06 1.48323969742e-08 0.0 30.29120041
"BPM.15L5.B1" 12675.69 1 -7.256445e-07 1.48323969742e-08 0.0 30.41080885
"BPM.14L5.B1" 12729.14 1 -1.221131e-06 1.48323969742e-08 0.0 30.55466611
"BPM.13L5.B1" 12782.59 1 -3.11223e-07 1.48323969742e-08 0.0 30.67427454
"BPM.12L5.B1" 12836.04 1 -8.059436e-08 1.48323969742e-08 0.0 30.81877434
"BPM.11L5.B1" 12889.49 1 -4.783811e-08 1.48323969742e-08 0.0 30.93199888
"BPM.10L5.B1" 12942.27 1 -4.472437e-07 1.48323969742e-08 0.0 31.06104965
"BPM.9L5.B1" 12981.33 1 -1.935618e-07 1.48323969742e-08 0.0 31.16942094
"BPM.8L5.B1" 13021.79 1 -1.224229e-07 1.48323969742e-08 0.0 31.39233786
"BPMR.7L5.B1" 13060.86 1 6.308821e-08 1.48323969742e-08 0.0 31.45857398
"BPM.6L5.B1" 13097.75 1 3.303806e-07 1.48323969742e-08 0.0 31.52389385
"BPMR.5L5.B1" 13129.65 1 3.32928e-07 1.48323969742e-08 0.0 31.5612238
"BPMYA.4L5.B1" 13157.06 1 5.408856e-07 1.48323969742e-08 0.0 31.59641961
"BPMWB.4L5.B1" 13178.19 1 5.435161e-07 1.48323969742e-08 0.0 31.61490185
"BPMSY.4L5.B1" 13270.97 1 4.395518e-07 1.48323969742e-08 0.0 31.73941657
"BPMS.2L5.B1" 13297.76 1 4.978417e-07 1.48323969742e-08 0.0 31.76732048
"BPMSW.1L5.B1" 13307.81 1 2.636007e-07 1.48323969742e-08 0.0 31.78690173
"BPMSW.1R5.B1" 13350.76 1 -3.222986e-07 1.48323969742e-08 0.0 32.13622066
"BPMS.2R5.B1" 13360.82 1 -3.528446e-07 1.48323969742e-08 0.0 32.16161131
"BPMSY.4R5.B1" 13387.6 1 -6.234185e-07 1.48323969742e-08 0.0 32.20521372
"BPMWT.A4R5.B1" 13478.01 1 -2.259706e-07 1.48323969742e-08 0.0 32.33812821
"BPMWT.B4R5.B1" 13479.99 1 -2.172571e-07 1.48323969742e-08 0.0 32.34210207
"BPMWB.4R5.B1" 13480.38 1 -2.155271e-07 1.48323969742e-08 0.0 32.34289122
"BPMYA.4R5.B1" 13501.52 1 -1.290619e-07 1.48323969742e-08 0.0 32.38401066
"BPM.5R5.B1" 13522.63 1 -8.65195e-08 1.48323969742e-08 0.0 32.40921415
"BPMWT.A6R5.B1" 13543.69 1 -4.744588e-09 1.48323969742e-08 0.0 32.42935595
"BPMWT.B6R5.B1" 13549.51 1 1.970061e-08 1.48323969742e-08 0.0 32.43752775
"BPMR.6R5.B1" 13554.53 1 4.07784e-08 1.48323969742e-08 0.0 32.4460266
"BPM_A.7R5.B1" 13588.55 1 2.237949e-07 1.48323969742e-08 0.0 32.50517035
"BPM.8R5.B1" 13629.99 1 2.115226e-07 1.48323969742e-08 0.0 32.63323662
"BPM.9R5.B1" 13669.05 1 4.297604e-07 1.48323969742e-08 0.0 32.7772114
"BPM.10R5.B1" 13709.52 1 6.755404e-08 1.48323969742e-08 0.0 32.88363842
"BPM.11R5.B1" 13762.3 1 -4.25244e-07 1.48323969742e-08 0.0 33.05266221
"BPM.12R5.B1" 13817.03 1 -5.311657e-07 1.48323969742e-08 0.0 33.15884279
"BPM.13R5.B1" 13870.48 1 -1.717809e-06 1.48323969742e-08 0.0 33.28442467
"BPM.14R5.B1" 13923.93 1 -8.507292e-07 1.48323969742e-08 0.0 33.40404035
"BPM.15R5.B1" 13977.38 1 -1.341568e-06 1.48323969742e-08 0.0 33.54790839
"BPM.16R5.B1" 14030.83 1 -2.682588e-07 1.48323969742e-08 0.0 33.66752471
"BPM.17R5.B1" 14084.29 1 2.008248e-07 1.48323969742e-08 0.0 33.81139276
"BPM.18R5.B1" 14137.74 1 6.797621e-08 1.48323969742e-08 0.0 33.93100907
"BPM.19R5.B1" 14191.19 1 -4.349288e-07 1.48323969742e-08 0.0 34.07487712
"BPM.20R5.B1" 14244.64 1 -5.713919e-07 1.48323969742e-08 0.0 34.19449343
"BPM.21R5.B1" 14298.09 1 -1.869677e-06 1.48323969742e-08 0.0 34.33836148
"BPM.22R5.B1" 14351.54 1 -7.994124e-07 1.48323969742e-08 0.0 34.45797779
"BPM.23R5.B1" 14404.99 1 -9.911394e-07 1.48323969742e-08 0.0 34.60184584
"BPM.24R5.B1" 14458.45 1 -1.214606e-07 1.48323969742e-08 0.0 34.72146215
"BPM.25R5.B1" 14511.9 1 2.949519e-07 1.48323969742e-08 0.0 34.8653302
"BPM.26R5.B1" 14565.35 1 -8.180705e-09 1.48323969742e-08 0.0 34.98494651
"BPM.27R5.B1" 14618.8 1 -8.013076e-07 1.48323969742e-08 0.0 35.12881456
"BPM.28R5.B1" 14672.25 1 -7.053106e-07 1.48323969742e-08 0.0 35.24843088
"BPM.29R5.B1" 14725.7 1 -1.90179e-06 1.48323969742e-08 0.0 35.39229892
"BPM.30R5.B1" 14779.16 1 -4.606622e-07 1.48323969742e-08 0.0 35.51191524
"BPM.31R5.B1" 14832.61 1 2.19155e-07 1.48323969742e-08 0.0 35.65578328
"BPM.32R5.B1" 14886.06 1 2.451844e-07 1.48323969742e-08 0.0 35.7753996
"BPM.33R5.B1" 14939.51 1 1.444331e-07 1.48323969742e-08 0.0 35.91926765
"BPM.34R5.B1" 14992.96 1 -1.690496e-07 1.48323969742e-08 0.0 36.03888396
"BPM.33L6.B1" 15046.41 1 -1.14763e-06 1.48323969742e-08 0.0 36.18275201
"BPM.32L6.B1" 15099.86 1 -5.147608e-07 1.48323969742e-08 0.0 36.30236832
"BPM.31L6.B1" 15153.32 1 -8.320311e-07 1.48323969742e-08 0.0 36.44623637
"BPM.30L6.B1" 15206.77 1 -2.819178e-07 1.48323969742e-08 0.0 36.56585268
"BPM.29L6.B1" 15260.22 1 -4.318655e-07 1.48323969742e-08 0.0 36.70972073
"BPM.28L6.B1" 15313.67 1 -2.577662e-08 1.48323969742e-08 0.0 36.82933704
"BPM.27L6.B1" 15367.12 1 1.085862e-09 1.48323969742e-08 0.0 36.97320509
"BPM.26L6.B1" 15420.57 1 -2.518102e-07 1.48323969742e-08 0.0 37.0928214
"BPM.25L6.B1" 15474.02 1 -1.288629e-06 1.48323969742e-08 0.0 37.23668945
"BPM.24L6.B1" 15527.48 1 -7.597689e-07 1.48323969742e-08 0.0 37.35630577
"BPM.23L6.B1" 15580.93 1 -1.525476e-06 1.48323969742e-08 0.0 37.50017381
"BPM.22L6.B1" 15634.38 1 -4.477378e-07 1.48323969742e-08 0.0 37.61979013
"BPM.21L6.B1" 15687.83 1 -1.956811e-07 1.48323969742e-08 0.0 37.76365817
"BPM.20L6.B1" 15741.28 1 7.38654e-09 1.48323969742e-08 0.0 37.88327449
"BPM.19L6.B1" 15794.73 1 -1.838963e-07 1.48323969742e-08 0.0 38.02714254
"BPM.18L6.B1" 15848.18 1 -3.816454e-07 1.48323969742e-08 0.0 38.14675885
"BPM.17L6.B1" 15901.64 1 -1.515673e-06 1.48323969742e-08 0.0 38.2906269
"BPM.16L6.B1" 15955.09 1 -7.70954e-07 1.48323969742e-08 0.0 38.41024321
"BPM.15L6.B1" 16008.54 1 -1.302084e-06 1.48323969742e-08 0.0 38.55411126
"BPM.14L6.B1" 16061.99 1 -3.160098e-07 1.48323969742e-08 0.0 38.67372757
"BPM.13L6.B1" 16115.44 1 -6.426171e-09 1.48323969742e-08 0.0 38.81759562
"BPM.12L6.B1" 16168.89 1 -3.864958e-09 1.48323969742e-08 0.0 38.93659642
"BPM.11L6.B1" 16222.35 1 -4.370094e-07 1.48323969742e-08 0.0 39.07884966
"BPM.10L6.B1" 16274.19 1 -4.689252e-07 1.48323969742e-08 0.0 39.20312733
"BPM.9L6.B1" 16313.25 1 -9.780032e-07 1.48323969742e-08 0.0 39.34087421
"BPM.8L6.B1" 16353.72 1 -1.177872e-07 1.48323969742e-08 0.0 39.48349407
"BPMYA.5L6.B1" 16450.81 1 2.248611e-06 1.48323969742e-08 0.0 39.71994939
"BPMYB.4L6.B1" 16487.21 1 1.456905e-06 1.48323969742e-08 0.0 39.73511547
"BPMSA.B4L6.B1" 16519.2 1 1.312287e-06 1.48323969742e-08 0.0 39.76193829
"BPMSA.A4L6.B1" 16519.78 1 1.310775e-06 1.48323969742e-08 0.0 39.76247691
"BPMSE.4L6.B1" 16616.46 1 1.060837e-06 1.48323969742e-08 0.0 39.86411951
"BPMSA.4R6.B1" 16708.03 1 8.240971e-07 1.48323969742e-08 0.0 39.94145439
"BPMSB.A4R6.B1" 16804.84 1 5.738102e-07 1.48323969742e-08 0.0 39.9861355
"BPMSB.B4R6.B1" 16805.47 1 5.721685e-07 1.48323969742e-08 0.0 39.98634393
"BPMYA.4R6.B1" 16830.81 1 5.066702e-07 1.48323969742e-08 0.0 39.99402203
"BPMYB.5R6.B1" 16867.21 1 1.352483e-07 1.48323969742e-08 0.0 40.01172649
"BPM.8R6.B1" 16962.93 1 -6.776509e-07 1.48323969742e-08 0.0 40.12749287
"BPM.9R6.B1" 17002.0 1 -3.996711e-07 1.48323969742e-08 0.0 40.27231768
"BPM.10R6.B1" 17042.47 1 -5.924354e-07 1.48323969742e-08 0.0 40.45133651
"BPM.11R6.B1" 17094.31 1 9.19905e-08 1.48323969742e-08 0.0 40.55161549
"BPM.12R6.B1" 17149.03 1 6.988466e-07 1.48323969742e-08 0.0 40.68045574
"BPM.13R6.B1" 17202.49 1 6.24127e-08 1.48323969742e-08 0.0 40.80049267
"BPM.14R6.B1" 17255.94 1 -1.0262e-06 1.48323969742e-08 0.0 40.94436122
"BPM.15R6.B1" 17309.39 1 -8.894964e-07 1.48323969742e-08 0.0 41.06397754
"BPM.16R6.B1" 17362.84 1 -2.26709e-06 1.48323969742e-08 0.0 41.20784559
"BPM.17R6.B1" 17416.29 1 -7.400429e-07 1.48323969742e-08 0.0 41.3274619
"BPM.18R6.B1" 17469.74 1 -3.326128e-07 1.48323969742e-08 0.0 41.47132995
"BPM.19R6.B1" 17523.19 1 1.865939e-07 1.48323969742e-08 0.0 41.59094626
"BPM.20R6.B1" 17576.65 1 5.808778e-07 1.48323969742e-08 0.0 41.73481431
"BPM.21R6.B1" 17630.1 1 -1.196933e-07 1.48323969742e-08 0.0 41.85443062
"BPM.22R6.B1" 17683.55 1 -1.508195e-06 1.48323969742e-08 0.0 41.99829867
"BPM.23R6.B1" 17737.0 1 -9.944825e-07 1.48323969742e-08 0.0 42.11791498
"BPM.24R6.B1" 17790.45 1 -2.068126e-06 1.48323969742e-08 0.0 42.26178303
"BPM.25R6.B1" 17843.9 1 -5.401596e-07 1.48323969742e-08 0.0 42.38139934
"BPM.26R6.B1" 17897.35 1 1.156906e-07 1.48323969742e-08 0.0 42.52526739
"BPM.27R6.B1" 17950.81 1 2.577503e-07 1.48323969742e-08 0.0 42.64488371
"BPM.28R6.B1" 18004.26 1 3.060548e-07 1.48323969742e-08 0.0 42.78875175
"BPM.29R6.B1" 18057.71 1 -3.316236e-07 1.48323969742e-08 0.0 42.90836807
"BPM.30R6.B1" 18111.16 1 -1.910011e-06 1.48323969742e-08 0.0 43.05223611
"BPM.31R6.B1" 18164.61 1 -7.89862e-07 1.48323969742e-08 0.0 43.17185243
"BPM.32R6.B1" 18218.06 1 -8.868395e-07 1.48323969742e-08 0.0 43.31572048
"BPM.33R6.B1" 18271.52 1 -7.281239e-08 1.48323969742e-08 0.0 43.43533679
"BPM.34R6.B1" 18324.97 1 3.397653e-07 1.48323969742e-08 0.0 43.57920484
"BPM.33L7.B1" 18378.42 1 2.13948e-07 1.48323969742e-08 0.0 43.69882115
"BPM.32L7.B1" 18431.87 1 -7.469483e-08 1.48323969742e-08 0.0 43.8426892
"BPM.31L7.B1" 18485.32 1 -2.615849e-07 1.48323969742e-08 0.0 43.96230551
"BPM.30L7.B1" 18538.77 1 -1.208968e-06 1.48323969742e-08 0.0 44.10617356
"BPM.29L7.B1" 18592.22 1 -7.077582e-07 1.48323969742e-08 0.0 44.22578987
"BPM.28L7.B1" 18645.68 1 -1.440969e-06 1.48323969742e-08 0.0 44.36965792
"BPM.27L7.B1" 18699.13 1 -2.068639e-07 1.48323969742e-08 0.0 44.48927423
"BPM.26L7.B1" 18752.58 1 5.488028e-07 1.48323969742e-08 0.0 44.63314228
"BPM.25L7.B1" 18806.03 1 2.046865e-07 1.48323969742e-08 0.0 44.7527586
"BPM.24L7.B1" 18859.48 1 -3.72183e-07 1.48323969742e-08 0.0 44.89662664
"BPM.23L7.B1" 18912.93 1 -6.559355e-07 1.48323969742e-08 0.0 45.01624296
"BPM.22L7.B1" 18966.38 1 -2.228353e-06 1.48323969742e-08 0.0 45.160111
"BPM.21L7.B1" 19019.84 1 -9.218284e-07 1.48323969742e-08 0.0 45.27972732
"BPM.20L7.B1" 19073.29 1 -9.931669e-07 1.48323969742e-08 0.0 45.42359537
"BPM.19L7.B1" 19126.74 1 -1.620973e-08 1.48323969742e-08 0.0 45.54321168
"BPM.18L7.B1" 19180.19 1 6.539133e-07 1.48323969742e-08 0.0 45.68707973
"BPM.17L7.B1" 19233.64 1 9.642425e-08 1.48323969742e-08 0.0 45.80669604
"BPM.16L7.B1" 19287.09 1 -8.599759e-07 1.48323969742e-08 0.0 45.95056409
"BPM.15L7.B1" 19340.54 1 -8.282619e-07 1.48323969742e-08 0.0 46.0701804
"BPM.14L7.B1" 19394.0 1 -2.250887e-06 1.48323969742e-08 0.0 46.21404845
"BPM.13L7.B1" 19447.45 1 -7.844008e-07 1.48323969742e-08 0.0 46.33366476
"BPM.12L7.B1" 19500.9 1 -4.711403e-07 1.48323969742e-08 0.0 46.47989323
"BPM.11L7.B1" 19554.35 1 1.61511e-07 1.48323969742e-08 0.0 46.59909165
"BPM.10L7.B1" 19607.13 1 6.52783e-07 1.48323969742e-08 0.0 46.74149834
"BPM.9L7.B1" 19646.2 1 2.070522e-07 1.48323969742e-08 0.0 46.83464106
"BPM.8L7.B1" 19686.67 1 -1.468495e-07 1.48323969742e-08 0.0 47.02440783
"BPM.7L7.B1" 19725.73 1 -3.204594e-07 1.48323969742e-08 0.0 47.10763297
"BPM.6L7.B1" 19760.55 1 -7.355478e-07 1.48323969742e-08 0.0 47.15431025
"BPMWC.6L7.B1" 19772.65 1 -7.478542e-07 1.48323969742e-08 0.0 47.16187051
"BPMWE.5L7.B1" 19849.71 1 -1.96348e-07 1.48323969742e-08 0.0 47.35099933
"BPMW.5L7.B1" 19872.91 1 -6.839604e-08 1.48323969742e-08 0.0 47.44807276
"BPMWE.4L7.B1" 19908.0 1 8.780938e-08 1.48323969742e-08 0.0 47.48987006
"BPMW.4L7.B1" 19936.1 1 1.775411e-07 1.48323969742e-08 0.0 47.50314989
"BPMW.4R7.B1" 20052.15 1 3.473852e-07 1.48323969742e-08 0.0 47.69119009
"BPMWE.4R7.B1" 20080.25 1 4.889301e-07 1.48323969742e-08 0.0 47.76734223
"BPMW.5R7.B1" 20115.34 1 8.162905e-07 1.48323969742e-08 0.0 47.80030978
"BPMWE.5R7.B1" 20138.54 1 8.368628e-07 1.48323969742e-08 0.0 47.8107286
"BPMR.6R7.B1" 20217.76 1 1.725196e-07 1.48323969742e-08 0.0 47.9034142
"BPM_A.7R7.B1" 20255.79 1 -4.873403e-08 1.48323969742e-08 0.0 47.98770663
"BPM.8R7.B1" 20294.86 1 -1.916492e-07 1.48323969742e-08 0.0 48.11053258
"BPM.9R7.B1" 20333.93 1 -5.034171e-07 1.48323969742e-08 0.0 48.27091153
"BPM.10R7.B1" 20374.39 1 -1.696092e-07 1.48323969742e-08 0.0 48.37904581
"BPM.11R7.B1" 20427.18 1 1.52343e-07 1.48323969742e-08 0.0 48.508892
"BPM.12R7.B1" 20481.9 1 4.718037e-09 1.48323969742e-08 0.0 48.63062323
"BPM.13R7.B1" 20535.35 1 -5.959936e-07 1.48323969742e-08 0.0 48.77586301
"BPM.14R7.B1" 20588.8 1 -6.02197e-07 1.48323969742e-08 0.0 48.89547937
"BPM.15R7.B1" 20642.26 1 -1.788662e-06 1.48323969742e-08 0.0 49.03934742
"BPM.16R7.B1" 20695.71 1 -7.283862e-07 1.48323969742e-08 0.0 49.15896373
"BPM.17R7.B1" 20749.16 1 -8.437018e-07 1.48323969742e-08 0.0 49.30283178
"BPM.18R7.B1" 20802.61 1 -1.026639e-07 1.48323969742e-08 0.0 49.42244809
"BPM.19R7.B1" 20856.06 1 1.889514e-07 1.48323969742e-08 0.0 49.56631614
"BPM.20R7.B1" 20909.51 1 -8.238743e-08 1.48323969742e-08 0.0 49.68593245
"BPM.21R7.B1" 20962.96 1 -9.307416e-07 1.48323969742e-08 0.0 49.8298005
"BPM.22R7.B1" 21016.42 1 -7.115353e-07 1.48323969742e-08 0.0 49.94941681
"BPM.23R7.B1" 21069.87 1 -1.773941e-06 1.48323969742e-08 0.0 50.09328486
"BPM.24R7.B1" 21123.32 1 -6.253339e-07 1.48323969742e-08 0.0 50.21290117
"BPM.25R7.B1" 21176.77 1 -5.11467e-07 1.48323969742e-08 0.0 50.35676922
"BPM.26R7.B1" 21230.22 1 -1.076497e-08 1.48323969742e-08 0.0 50.47638554
"BPM.27R7.B1" 21283.67 1 1.179897e-07 1.48323969742e-08 0.0 50.62025358
"BPM.28R7.B1" 21337.13 1 -2.009924e-07 1.48323969742e-08 0.0 50.7398699
"BPM.29R7.B1" 21390.58 1 -1.250951e-06 1.48323969742e-08 0.0 50.88373794
"BPM.30R7.B1" 21444.03 1 -5.434313e-07 1.48323969742e-08 0.0 51.00335426
"BPM.31R7.B1" 21497.48 1 -8.102936e-07 1.48323969742e-08 0.0 51.14722231
"BPM.32R7.B1" 21550.93 1 -2.451154e-07 1.48323969742e-08 0.0 51.26683862
"BPM.33R7.B1" 21604.38 1 -3.321545e-07 1.48323969742e-08 0.0 51.41070667
"BPM.34R7.B1" 21657.83 1 -3.296887e-09 1.48323969742e-08 0.0 51.53032298
"BPM.33L8.B1" 21711.29 1 -3.752049e-08 1.48323969742e-08 0.0 51.67419103
"BPM.32L8.B1" 21764.74 1 -5.251021e-08 1.48323969742e-08 0.0 51.79380734
"BPM.31L8.B1" 21818.19 1 -5.433358e-07 1.48323969742e-08 0.0 51.93767539
"BPM.30L8.B1" 21871.64 1 -5.259143e-07 1.48323969742e-08 0.0 52.0572917
"BPM.29L8.B1" 21925.09 1 -1.590831e-06 1.48323969742e-08 0.0 52.20115975
"BPM.28L8.B1" 21978.54 1 -4.467185e-07 1.48323969742e-08 0.0 52.32077606
"BPM.27L8.B1" 22031.99 1 -9.144645e-08 1.48323969742e-08 0.0 52.46464411
"BPM.26L8.B1" 22085.45 1 6.342549e-08 1.48323969742e-08 0.0 52.58426043
"BPM.25L8.B1" 22138.9 1 -1.139969e-07 1.48323969742e-08 0.0 52.72812847
"BPM.24L8.B1" 22192.35 1 -3.921631e-07 1.48323969742e-08 0.0 52.84774479
"BPM.23L8.B1" 22245.8 1 -1.631731e-06 1.48323969742e-08 0.0 52.99161283
"BPM.22L8.B1" 22299.25 1 -8.251924e-07 1.48323969742e-08 0.0 53.11122915
"BPM.21L8.B1" 22352.7 1 -1.352321e-06 1.48323969742e-08 0.0 53.2550972
"BPM.20L8.B1" 22406.15 1 -2.963196e-07 1.48323969742e-08 0.0 53.37471351
"BPM.19L8.B1" 22459.61 1 1.181256e-07 1.48323969742e-08 0.0 53.51858156
"BPM.18L8.B1" 22513.06 1 4.719972e-08 1.48323969742e-08 0.0 53.63819787
"BPM.17L8.B1" 22566.51 1 -4.101539e-07 1.48323969742e-08 0.0 53.78206592
"BPM.16L8.B1" 22619.96 1 -5.398151e-07 1.48323969742e-08 0.0 53.90168223
"BPM.15L8.B1" 22673.41 1 -1.791204e-06 1.48323969742e-08 0.0 54.04555028
"BPM.14L8.B1" 22726.86 1 -7.839811e-07 1.48323969742e-08 0.0 54.16516659
"BPM.13L8.B1" 22780.32 1 -1.029152e-06 1.48323969742e-08 0.0 54.30903464
"BPM.12L8.B1" 22833.77 1 -1.628168e-07 1.48323969742e-08 0.0 54.42699616
"BPM.11L8.B1" 22887.22 1 2.088715e-07 1.48323969742e-08 0.0 54.57380032
"BPM.10L8.B1" 22939.06 1 4.168605e-08 1.48323969742e-08 0.0 54.69521417
"BPM.9L8.B1" 22978.13 1 -8.182904e-08 1.48323969742e-08 0.0 54.81731939
"BPM.8L8.B1" 23018.59 1 -8.171813e-08 1.48323969742e-08 0.0 54.94749669
"BPM.7L8.B1" 23057.66 1 -1.344147e-07 1.48323969742e-08 0.0 55.14081449
"BPMR.6L8.B1" 23090.13 1 5.2201e-09 1.48323969742e-08 0.0 55.26639644
"BPM.5L8.B1" 23150.55 1 2.448563e-07 1.48323969742e-08 0.0 55.46545384
"BPMYB.4L8.B1" 23171.31 1 1.499557e-07 1.48323969742e-08 0.0 55.50046495
"BPMWB.4L8.B1" 23195.71 1 1.176305e-07 1.48323969742e-08 0.0 55.5894159
"BPMSX.4L8.B1" 23245.94 1 8.785969e-08 1.48323969742e-08 0.0 55.69648856
"BPMS.2L8.B1" 23283.85 1 4.700347e-09 1.48323969742e-08 0.0 55.75193323
"BPMSW.1L8.B1" 23293.78 1 -1.789713e-08 1.48323969742e-08 0.0 55.77573591
"BPMSW.1R8.B1" 23336.97 1 -1.023169e-07 1.48323969742e-08 0.0 56.13769454
"BPMS.2R8.B1" 23346.91 1 -1.591116e-07 1.48323969742e-08 0.0 56.15547567
"BPMSX.4R8.B1" 23384.82 1 -4.324396e-08 1.48323969742e-08 0.0 56.211111
"BPMWB.4R8.B1" 23434.98 1 1.108417e-07 1.48323969742e-08 0.0 56.40039087
"BPMYB.4R8.B1" 23459.44 1 1.610391e-07 1.48323969742e-08 0.0 56.45973802
"BPMYB.5R8.B1" 23480.02 1 1.119333e-07 1.48323969742e-08 0.0 56.53071831
"BPM.6R8.B1" 23564.13 1 1.53148e-07 1.48323969742e-08 0.0 56.68553845
"BPM_A.7R8.B1" 23586.37 1 6.550162e-08 1.48323969742e-08 0.0 56.7050532
"BPM.8R8.B1" 23627.81 1 -1.696672e-08 1.48323969742e-08 0.0 56.76782889
"BPM.9R8.B1" 23666.87 1 -6.139549e-08 1.48323969742e-08 0.0 56.91026
"BPM.10R8.B1" 23707.33 1 -2.103729e-07 1.48323969742e-08 0.0 57.10852079
"BPM.11R8.B1" 23759.17 1 -3.48543e-08 1.48323969742e-08 0.0 57.20959414
"BPM.12R8.B1" 23813.9 1 -2.651886e-07 1.48323969742e-08 0.0 57.34386405
"BPM.13R8.B1" 23867.34 1 -4.308318e-07 1.48323969742e-08 0.0 57.45993925
"BPM.14R8.B1" 23920.79 1 -1.628164e-06 1.48323969742e-08 0.0 57.60379213
"BPM.15R8.B1" 23974.24 1 -7.901519e-07 1.48323969742e-08 0.0 57.72340056
"BPM.16R8.B1" 24027.69 1 -1.237561e-06 1.48323969742e-08 0.0 57.86725782
"BPM.17R8.B1" 24081.14 1 -2.641598e-07 1.48323969742e-08 0.0 57.98686626
"BPM.18R8.B1" 24134.59 1 9.510845e-08 1.48323969742e-08 0.0 58.13072351
"BPM.19R8.B1" 24188.04 1 6.748911e-09 1.48323969742e-08 0.0 58.25033195
"BPM.20R8.B1" 24241.48 1 -5.206481e-07 1.48323969742e-08 0.0 58.39418921
"BPM.21R8.B1" 24294.93 1 -5.650144e-07 1.48323969742e-08 0.0 58.51379764
"BPM.22R8.B1" 24348.38 1 -1.749323e-06 1.48323969742e-08 0.0 58.6576549
"BPM.23R8.B1" 24401.83 1 -7.393027e-07 1.48323969742e-08 0.0 58.77726334
"BPM.24R8.B1" 24455.28 1 -9.258385e-07 1.48323969742e-08 0.0 58.92112059
"BPM.25R8.B1" 24508.73 1 -1.380726e-07 1.48323969742e-08 0.0 59.04072903
"BPM.26R8.B1" 24562.18 1 1.635869e-07 1.48323969742e-08 0.0 59.18458629
"BPM.27R8.B1" 24615.62 1 -6.541167e-08 1.48323969742e-08 0.0 59.30419473
"BPM.28R8.B1" 24669.07 1 -8.439579e-07 1.48323969742e-08 0.0 59.44805198
"BPM.29R8.B1" 24722.52 1 -6.789105e-07 1.48323969742e-08 0.0 59.56766042
"BPM.30R8.B1" 24775.97 1 -1.763154e-06 1.48323969742e-08 0.0 59.71151767
"BPM.31R8.B1" 24829.42 1 -4.080286e-07 1.48323969742e-08 0.0 59.83112611
"BPM.32R8.B1" 24882.87 1 2.380566e-07 1.48323969742e-08 0.0 59.97498337
"BPM.33R8.B1" 24936.32 1 2.098261e-07 1.48323969742e-08 0.0 60.09459181
"BPM.34R8.B1" 24989.76 1 2.91684e-09 1.48323969742e-08 0.0 60.23844906
"BPM.33L1.B1" 25043.21 1 -2.156108e-07 1.48323969742e-08 0.0 60.3580575
"BPM.32L1.B1" 25096.66 1 -1.142435e-06 1.48323969742e-08 0.0 60.50191476
"BPM.31L1.B1" 25150.11 1 -4.715533e-07 1.48323969742e-08 0.0 60.62152319
"BPM.30L1.B1" 25203.56 1 -6.91528e-07 1.48323969742e-08 0.0 60.76538045
"BPM.29L1.B1" 25257.01 1 -2.427307e-07 1.48323969742e-08 0.0 60.88498889
"BPM.28L1.B1" 25310.45 1 -4.606732e-07 1.48323969742e-08 0.0 61.02884614
"BPM.27L1.B1" 25363.9 1 -7.559298e-08 1.48323969742e-08 0.0 61.14845458
"BPM.26L1.B1" 25417.35 1 -1.344944e-07 1.48323969742e-08 0.0 61.29231184
"BPM.25L1.B1" 25470.8 1 -2.825314e-07 1.48323969742e-08 0.0 61.41192027
"BPM.24L1.B1" 25524.25 1 -1.236586e-06 1.48323969742e-08 0.0 61.55577753
"BPM.23L1.B1" 25577.7 1 -7.047013e-07 1.48323969742e-08 0.0 61.67538597
"BPM.22L1.B1" 25631.15 1 -1.39868e-06 1.48323969742e-08 0.0 61.81924322
"BPM.21L1.B1" 25684.59 1 -4.264124e-07 1.48323969742e-08 0.0 61.93885166
"BPM.20L1.B1" 25738.04 1 -2.692277e-07 1.48323969742e-08 0.0 62.08270892
"BPM.19L1.B1" 25791.49 1 -5.127635e-08 1.48323969742e-08 0.0 62.20231735
"BPM.18L1.B1" 25844.94 1 -2.979592e-07 1.48323969742e-08 0.0 62.34617461
"BPM.17L1.B1" 25898.39 1 -3.929523e-07 1.48323969742e-08 0.0 62.46578305
"BPM.16L1.B1" 25951.84 1 -1.422606e-06 1.48323969742e-08 0.0 62.6096403
"BPM.15L1.B1" 26005.29 1 -7.103562e-07 1.48323969742e-08 0.0 62.72924874
"BPM.14L1.B1" 26058.73 1 -1.203757e-06 1.48323969742e-08 0.0 62.873106
"BPM.13L1.B1" 26112.18 1 -3.150306e-07 1.48323969742e-08 0.0 62.99271443
"BPM.12L1.B1" 26165.63 1 -1.134491e-07 1.48323969742e-08 0.0 63.13721423
"BPM.11L1.B1" 26219.08 1 -6.340149e-08 1.48323969742e-08 0.0 63.25043877
"BPM.10L1.B1" 26271.86 1 -4.636674e-07 1.48323969742e-08 0.0 63.37948954
"BPM.9L1.B1" 26310.93 1 -1.910268e-07 1.48323969742e-08 0.0 63.48786083
"BPM.8L1.B1" 26351.39 1 -9.171096e-08 1.48323969742e-08 0.0 63.71077775
"BPMR.7L1.B1" 26390.45 1 8.263537e-08 1.48323969742e-08 0.0 63.77701387
"BPM.6L1.B1" 26433.64 1 3.743346e-07 1.48323969742e-08 0.0 63.8480456
"BPMR.5L1.B1" 26465.54 1 3.683035e-07 1.48323969742e-08 0.0 63.89010749
"BPMYA.4L1.B1" 26486.66 1 5.498564e-07 1.48323969742e-08 0.0 63.91486123
"BPMWB.4L1.B1" 26507.79 1 5.479184e-07 1.48323969742e-08 0.0 63.93334174
"BPMSY.4L1.B1" 26600.57 1 4.222081e-07 1.48323969742e-08 0.0 64.05785646
"BPMS.2L1.B1" 26627.35 1 4.719322e-07 1.48323969742e-08 0.0 64.08576037
"BPMSW.1L1.B1" 26637.41 1 2.471112e-07 1.48323969742e-08 0.0 64.10534162
