@ GetLLMVersion %s "V2.38b PRO"
@ MAD_FILE %s "./data\run1\input/model/twiss.dat"
@ FILES %s "C:\eclipse_4_2_2_python\workspace\Beta-Beat.src\GetLLM\test\data\run1\input\src_files\ALLBPMs"
* NAME  2L  BETX*  BETX*STD  BETX*MDL  BETY*  BETY*STD  BETY*MDL  PHX  PHXSTD  PHXMDL  PHY  PHYSTD  PHYMDL
"IP1" 42.95 10.9998154075 0.0 11.0000000007 11.0001220872 0.0 11.0000000007 0.3493211 0.0 0.3493189363 0.349317499069 0.0 0.3493189363 
"IP5" 42.95 11.0002667927 0.0 11.0000000007 11.0001816251 0.0 11.0000000028 0.3493158 0.0 0.34931893 0.3493168 0.0 0.34931893 
"IP8" 43.19 9.999969547 0.0 10.0000000018 10.0004619986 0.0 10.0 0.361959 0.0 0.36195863 0.361953023 0.0 0.36195863 
"IP2" 43.19 9.99999426413 0.0 10.0000000018 10.0001425673 0.0 10.0000000018 0.3619587 0.0 0.361958631 0.3619569 0.0 0.36195863 
