@ GetLLMVersion %s "V2.38b PRO"
@ MAD_FILE %s "./data\run1\input/model/twiss.dat"
@ FILES %s "C:\eclipse_4_2_2_python\workspace\Beta-Beat.src\GetLLM\test\data\run1\input\src_files\ALLBPMs"
* NAME  BETX  BETXSTD  BETXMDL  ALFX  ALFXSTD  ALFXMDL  BETX*  BETX*STD  BETX*MDL  SX*  SX*STD  SX*MDL  rt(2JX)  rt(2JX)STD
"IP1" 10.9998154075 0.0 11.0000000007 0.0 0.0 -1.42315048635e-10 10.9998154075 0.0 11.0000000007 0.0 0.0 -1.56546553509e-09 3.76776807474e-05 0.0 
"IP5" 11.000266793 0.0 11.0000000007 5.84412203552e-06 0.0 -1.42480471865e-10 11.0002667926 0.0 11.0000000007 6.42869015592e-05 0.0 -1.56728519062e-09 3.76780568522e-05 0.0 
"IP8" 9.99996954778 0.0 10.0000000018 9.71157195162e-06 0.0 3.81370934832e-10 9.99996954683 0.0 10.0000000018 9.71154237681e-05 0.0 3.81370934899e-09 3.76779397934e-05 0.0 
"IP2" 9.99999426414 0.0 10.0000000018 -1.38736764977e-06 0.0 3.81302545094e-10 9.99999426412 0.0 10.0000000018 -1.38736685399e-05 0.0 3.81302545161e-09 3.76779034744e-05 0.0 
